Component: ARM Compiler 5.06 update 6 (build 750) Tool: armlink [4d35ed]

==============================================================================

Section Cross References

    main.o(i.GetTheta) refers to rt_memcpy_w.o(.text) for __aeabi_memcpy4
    main.o(i.GetTheta) refers to main.o(.bss) for theta
    main.o(i.main) refers to usart.o(i.USART2_Init) for USART2_Init
    main.o(i.main) refers to hall_timer_config.o(i.timer4_init) for timer4_init
    main.o(i.main) refers to queue.o(i.xQueueGenericCreate) for xQueueGenericCreate
    main.o(i.main) refers to tasks.o(i.xTaskCreate) for xTaskCreate
    main.o(i.main) refers to tasks.o(i.vTaskStartScheduler) for vTaskStartScheduler
    main.o(i.main) refers to main.o(.data) for xBinarySemaphore
    main.o(i.main) refers to main.o(i.vInit_system) for vInit_system
    main.o(i.main) refers to main.o(i.vKalibracija) for vKalibracija
    main.o(i.main) refers to main.o(i.vKalmanTask) for vKalmanTask
    main.o(i.vInit_system) refers to port.o(i.vPortEnterCritical) for vPortEnterCritical
    main.o(i.vInit_system) refers to kalman.o(i.kalman_init) for kalman_init
    main.o(i.vInit_system) refers to port.o(i.vPortExitCritical) for vPortExitCritical
    main.o(i.vInit_system) refers to noretval__2sprintf.o(.text) for __2sprintf
    main.o(i.vInit_system) refers to usart.o(i.send_message) for send_message
    main.o(i.vInit_system) refers to queue.o(i.xQueueGenericSend) for xQueueGenericSend
    main.o(i.vInit_system) refers to tasks.o(i.vTaskDelete) for vTaskDelete
    main.o(i.vInit_system) refers to main.o(.bss) for p_kalman
    main.o(i.vInit_system) refers to main.o(.data) for xBinarySemaphore
    main.o(i.vKalibracija) refers to noretval__2sprintf.o(.text) for __2sprintf
    main.o(i.vKalibracija) refers to usart.o(i.send_message) for send_message
    main.o(i.vKalibracija) refers to tasks.o(i.vTaskDelete) for vTaskDelete
    main.o(i.vKalibracija) refers to main.o(.bss) for theta
    main.o(i.vKalibracija) refers to main.o(.data) for xTaskHandle1
    main.o(i.vKalmanTask) refers to _printf_percent.o(.ARM.Collect$$_printf_percent$$00000000) for _printf_percent
    main.o(i.vKalmanTask) refers to _printf_f.o(.ARM.Collect$$_printf_percent$$00000003) for _printf_f
    main.o(i.vKalmanTask) refers to printf1.o(x$fpl$printf1) for _printf_fp_dec
    main.o(i.vKalmanTask) refers to queue.o(i.xQueueSemaphoreTake) for xQueueSemaphoreTake
    main.o(i.vKalmanTask) refers to hall_timer_config.o(i.getTime) for getTime
    main.o(i.vKalmanTask) refers to ddiv.o(x$fpl$ddiv) for __aeabi_ddiv
    main.o(i.vKalmanTask) refers to deqf.o(x$fpl$deqf) for __aeabi_cdcmpeq
    main.o(i.vKalmanTask) refers to port.o(i.vPortEnterCritical) for vPortEnterCritical
    main.o(i.vKalmanTask) refers to hall_timer_config.o(i.getSpeed) for getSpeed
    main.o(i.vKalmanTask) refers to port.o(i.vPortExitCritical) for vPortExitCritical
    main.o(i.vKalmanTask) refers to kalman.o(i.kalman_angle_calc) for kalman_angle_calc
    main.o(i.vKalmanTask) refers to noretval__2sprintf.o(.text) for __2sprintf
    main.o(i.vKalmanTask) refers to usart.o(i.send_message) for send_message
    main.o(i.vKalmanTask) refers to main.o(.data) for xBinarySemaphore
    main.o(i.vKalmanTask) refers to main.o(.bss) for p_kalman
    hall_timer_config.o(i.TIM4_IRQHandler) refers to deqf.o(x$fpl$deqf) for __aeabi_cdcmpeq
    hall_timer_config.o(i.TIM4_IRQHandler) refers to main.o(i.GetTheta) for GetTheta
    hall_timer_config.o(i.TIM4_IRQHandler) refers to rt_memcpy_w.o(.text) for __aeabi_memcpy4
    hall_timer_config.o(i.TIM4_IRQHandler) refers to dflt_clz.o(x$fpl$dfltu) for __aeabi_ui2d
    hall_timer_config.o(i.TIM4_IRQHandler) refers to ddiv.o(x$fpl$ddiv) for __aeabi_ddiv
    hall_timer_config.o(i.TIM4_IRQHandler) refers to stm32f4xx_gpio.o(i.GPIO_ReadInputDataBit) for GPIO_ReadInputDataBit
    hall_timer_config.o(i.TIM4_IRQHandler) refers to dfixu.o(x$fpl$dfixu) for __aeabi_d2uiz
    hall_timer_config.o(i.TIM4_IRQHandler) refers to dflt_clz.o(x$fpl$dflt) for __aeabi_i2d
    hall_timer_config.o(i.TIM4_IRQHandler) refers to dleqf.o(x$fpl$dleqf) for __aeabi_cdcmple
    hall_timer_config.o(i.TIM4_IRQHandler) refers to hall_timer_config.o(.bss) for rotor
    hall_timer_config.o(i.TIM4_IRQHandler) refers to hall_timer_config.o(.data) for kut_rotora
    hall_timer_config.o(i.getSpeed) refers to hall_timer_config.o(.data) for w
    hall_timer_config.o(i.getTime) refers to hall_timer_config.o(.bss) for Hall
    hall_timer_config.o(i.timer4_init) refers to stm32f4xx_rcc.o(i.RCC_AHB1PeriphClockCmd) for RCC_AHB1PeriphClockCmd
    hall_timer_config.o(i.timer4_init) refers to stm32f4xx_gpio.o(i.GPIO_Init) for GPIO_Init
    hall_timer_config.o(i.timer4_init) refers to stm32f4xx_gpio.o(i.GPIO_PinAFConfig) for GPIO_PinAFConfig
    hall_timer_config.o(i.timer4_init) refers to stm32f4xx_rcc.o(i.RCC_APB1PeriphClockCmd) for RCC_APB1PeriphClockCmd
[...]
    i.prvInitialiseNewQueue                  0x08002c08   Section        0  queue.o(i.prvInitialiseNewQueue)
    prvInitialiseNewQueue                    0x08002c09   Thumb Code    42  queue.o(i.prvInitialiseNewQueue)
    i.prvInitialiseNewTask                   0x08002c32   Section        0  tasks.o(i.prvInitialiseNewTask)
    prvInitialiseNewTask                     0x08002c33   Thumb Code   190  tasks.o(i.prvInitialiseNewTask)
    i.prvInitialiseTaskLists                 0x08002cf0   Section        0  tasks.o(i.prvInitialiseTaskLists)
    prvInitialiseTaskLists                   0x08002cf1   Thumb Code    70  tasks.o(i.prvInitialiseTaskLists)
    i.prvInsertTimerInActiveList             0x08002d58   Section        0  timers.o(i.prvInsertTimerInActiveList)
    prvInsertTimerInActiveList               0x08002d59   Thumb Code    80  timers.o(i.prvInsertTimerInActiveList)
    i.prvIsQueueEmpty                        0x08002db0   Section        0  queue.o(i.prvIsQueueEmpty)
    prvIsQueueEmpty                          0x08002db1   Thumb Code    26  queue.o(i.prvIsQueueEmpty)
    i.prvIsQueueFull                         0x08002dca   Section        0  queue.o(i.prvIsQueueFull)
    prvIsQueueFull                           0x08002dcb   Thumb Code    30  queue.o(i.prvIsQueueFull)
    i.prvProcessExpiredTimer                 0x08002de8   Section        0  timers.o(i.prvProcessExpiredTimer)
    prvProcessExpiredTimer                   0x08002de9   Thumb Code   110  timers.o(i.prvProcessExpiredTimer)
    i.prvProcessReceivedCommands             0x08002e5c   Section        0  timers.o(i.prvProcessReceivedCommands)
    prvProcessReceivedCommands               0x08002e5d   Thumb Code   308  timers.o(i.prvProcessReceivedCommands)
    i.prvProcessTimerOrBlockTask             0x08002f94   Section        0  timers.o(i.prvProcessTimerOrBlockTask)
    prvProcessTimerOrBlockTask               0x08002f95   Thumb Code   102  timers.o(i.prvProcessTimerOrBlockTask)
    i.prvResetNextTaskUnblockTime            0x08003008   Section        0  tasks.o(i.prvResetNextTaskUnblockTime)
    prvResetNextTaskUnblockTime              0x08003009   Thumb Code    42  tasks.o(i.prvResetNextTaskUnblockTime)
    i.prvSampleTimeNow                       0x0800303c   Section        0  timers.o(i.prvSampleTimeNow)
    prvSampleTimeNow                         0x0800303d   Thumb Code    40  timers.o(i.prvSampleTimeNow)
    i.prvSwitchTimerLists                    0x08003068   Section        0  timers.o(i.prvSwitchTimerLists)
    prvSwitchTimerLists                      0x08003069   Thumb Code   154  timers.o(i.prvSwitchTimerLists)
    i.prvTaskExitError                       0x0800310c   Section        0  port.o(i.prvTaskExitError)
    prvTaskExitError                         0x0800310d   Thumb Code    60  port.o(i.prvTaskExitError)
    i.prvTimerTask                           0x0800314c   Section        0  timers.o(i.prvTimerTask)
    prvTimerTask                             0x0800314d   Thumb Code    26  timers.o(i.prvTimerTask)
    i.prvUnlockQueue                         0x08003166   Section        0  queue.o(i.prvUnlockQueue)
    prvUnlockQueue                           0x08003167   Thumb Code   126  queue.o(i.prvUnlockQueue)
    i.pvPortMalloc                           0x080031e4   Section        0  heap_2.o(i.pvPortMalloc)
    i.pvTaskIncrementMutexHeldCount          0x0800329c   Section        0  tasks.o(i.pvTaskIncrementMutexHeldCount)
    i.pxPortInitialiseStack                  0x080032bc   Section        0  port.o(i.pxPortInitialiseStack)
    i.send_message                           0x080032e8   Section        0  usart.o(i.send_message)
    i.timer4_init                            0x0800330c   Section        0  hall_timer_config.o(i.timer4_init)
    i.uxListRemove                           0x080033fc   Section        0  list.o(i.uxListRemove)
    i.vInit_system                           0x08003424   Section        0  main.o(i.vInit_system)
    i.vKalibracija                           0x08003488   Section        0  main.o(i.vKalibracija)
    i.vKalmanTask                            0x0800352c   Section        0  main.o(i.vKalmanTask)
    i.vListInitialise                        0x08003620   Section        0  list.o(i.vListInitialise)
    i.vListInitialiseItem                    0x0800363a   Section        0  list.o(i.vListInitialiseItem)
    i.vListInsert                            0x08003640   Section        0  list.o(i.vListInsert)
    i.vListInsertEnd                         0x08003674   Section        0  list.o(i.vListInsertEnd)
    i.vPortEnterCritical                     0x0800368c   Section        0  port.o(i.vPortEnterCritical)
    i.vPortExitCritical                      0x080036e0   Section        0  port.o(i.vPortExitCritical)
    i.vPortFree                              0x0800371c   Section        0  heap_2.o(i.vPortFree)
    i.vPortSetupTimerInterrupt               0x0800375c   Section        0  port.o(i.vPortSetupTimerInterrupt)
    i.vPortValidateInterruptPriority         0x08003774   Section        0  port.o(i.vPortValidateInterruptPriority)
    i.vQueueAddToRegistry                    0x080037ec   Section        0  queue.o(i.vQueueAddToRegistry)
    i.vQueueWaitForMessageRestricted         0x08003818   Section        0  queue.o(i.vQueueWaitForMessageRestricted)
    i.vTaskDelete                            0x08003864   Section        0  tasks.o(i.vTaskDelete)
    i.vTaskInternalSetTimeOutState           0x08003958   Section        0  tasks.o(i.vTaskInternalSetTimeOutState)
    i.vTaskMissedYield                       0x08003970   Section        0  tasks.o(i.vTaskMissedYield)
    i.vTaskPlaceOnEventList                  0x0800397c   Section        0  tasks.o(i.vTaskPlaceOnEventList)
    i.vTaskPlaceOnEventListRestricted        0x080039b4   Section        0  tasks.o(i.vTaskPlaceOnEventListRestricted)
    i.vTaskPriorityDisinheritAfterTimeout    0x080039f4   Section        0  tasks.o(i.vTaskPriorityDisinheritAfterTimeout)
    i.vTaskStartScheduler                    0x08003ad8   Section        0  tasks.o(i.vTaskStartScheduler)
    i.vTaskSuspendAll                        0x08003b6c   Section        0  tasks.o(i.vTaskSuspendAll)
    i.vTaskSwitchContext                     0x08003b7c   Section        0  tasks.o(i.vTaskSwitchContext)
    i.xPortStartScheduler                    0x08003c08   Section        0  port.o(i.xPortStartScheduler)
    i.xQueueGenericCreate                    0x08003d70   Section        0  queue.o(i.xQueueGenericCreate)
    i.xQueueGenericReset                     0x08003dc4   Section        0  queue.o(i.xQueueGenericReset)
    i.xQueueGenericSend                      0x08003e5c   Section        0  queue.o(i.xQueueGenericSend)
    i.xQueueGenericSendFromISR               0x08004004   Section        0  queue.o(i.xQueueGenericSendFromISR)
    i.xQueueReceive                          0x08004100   Section        0  queue.o(i.xQueueReceive)
    i.xQueueSemaphoreTake                    0x08004268   Section        0  queue.o(i.xQueueSemaphoreTake)
    i.xTaskCheckForTimeOut                   0x08004420   Section        0  tasks.o(i.xTaskCheckForTimeOut)
    i.xTaskCreate                            0x080044ac   Section        0  tasks.o(i.xTaskCreate)
    i.xTaskGetSchedulerState                 0x0800450c   Section        0  tasks.o(i.xTaskGetSchedulerState)
    i.xTaskGetTickCount                      0x0800452c   Section        0  tasks.o(i.xTaskGetTickCount)
    i.xTaskIncrementTick                     0x08004538   Section        0  tasks.o(i.xTaskIncrementTick)
    i.xTaskPriorityDisinherit                0x08004680   Section        0  tasks.o(i.xTaskPriorityDisinherit)
    i.xTaskPriorityInherit                   0x08004748   Section        0  tasks.o(i.xTaskPriorityInherit)
    i.xTaskRemoveFromEventList               0x08004800   Section        0  tasks.o(i.xTaskRemoveFromEventList)
    i.xTaskResumeAll                         0x08004898   Section        0  tasks.o(i.xTaskResumeAll)
    i.xTimerCreateTimerTask                  0x0800499c   Section        0  timers.o(i.xTimerCreateTimerTask)
    i.xTimerGenericCommand                   0x080049f4   Section        0  timers.o(i.xTimerGenericCommand)
    locale$$code                             0x08004a78   Section       44  lc_numeric_c.o(locale$$code)
    x$fpl$dadd                               0x08004aa4   Section      336  daddsub_clz.o(x$fpl$dadd)
    $v0                                      0x08004aa4   Number         0  daddsub_clz.o(x$fpl$dadd)
    _dadd1                                   0x08004ab5   Thumb Code     0  daddsub_clz.o(x$fpl$dadd)
    x$fpl$dcmpinf                            0x08004bf4   Section       24  dcmpi.o(x$fpl$dcmpinf)
    $v0                                      0x08004bf4   Number         0  dcmpi.o(x$fpl$dcmpinf)
    x$fpl$ddiv                               0x08004c0c   Section      688  ddiv.o(x$fpl$ddiv)
    $v0                                      0x08004c0c   Number         0  ddiv.o(x$fpl$ddiv)
    ddiv_entry                               0x08004c13   Thumb Code     0  ddiv.o(x$fpl$ddiv)
    x$fpl$deqf                               0x08004ebc   Section      120  deqf.o(x$fpl$deqf)
    $v0                                      0x08004ebc   Number         0  deqf.o(x$fpl$deqf)
    x$fpl$dfixu                              0x08004f34   Section       90  dfixu.o(x$fpl$dfixu)
    $v0                                      0x08004f34   Number         0  dfixu.o(x$fpl$dfixu)
    x$fpl$dflt                               0x08004f8e   Section       46  dflt_clz.o(x$fpl$dflt)
    $v0                                      0x08004f8e   Number         0  dflt_clz.o(x$fpl$dflt)
    x$fpl$dfltu                              0x08004fbc   Section       38  dflt_clz.o(x$fpl$dfltu)
    $v0                                      0x08004fbc   Number         0  dflt_clz.o(x$fpl$dfltu)
    x$fpl$dleqf                              0x08004fe4   Section      120  dleqf.o(x$fpl$dleqf)
    $v0                                      0x08004fe4   Number         0  dleqf.o(x$fpl$dleqf)
    x$fpl$dmul                               0x0800505c   Section      340  dmul.o(x$fpl$dmul)
    $v0                                      0x0800505c   Number         0  dmul.o(x$fpl$dmul)
    x$fpl$dnaninf                            0x080051b0   Section      156  dnaninf.o(x$fpl$dnaninf)
    $v0                                      0x080051b0   Number         0  dnaninf.o(x$fpl$dnaninf)
    x$fpl$drem                               0x0800524c   Section      336  drem_clz.o(x$fpl$drem)
    $v0                                      0x0800524c   Number         0  drem_clz.o(x$fpl$drem)
    x$fpl$dretinf                            0x0800539c   Section       12  dretinf.o(x$fpl$dretinf)
    $v0                                      0x0800539c   Number         0  dretinf.o(x$fpl$dretinf)
    x$fpl$drsb                               0x080053a8   Section       22  daddsub_clz.o(x$fpl$drsb)
    $v0                                      0x080053a8   Number         0  daddsub_clz.o(x$fpl$drsb)
    x$fpl$dsub                               0x080053c0   Section      468  daddsub_clz.o(x$fpl$dsub)
    $v0                                      0x080053c0   Number         0  daddsub_clz.o(x$fpl$dsub)
    _dsub1                                   0x080053d1   Thumb Code     0  daddsub_clz.o(x$fpl$dsub)
    x$fpl$fpinit                             0x08005594   Section       10  fpinit.o(x$fpl$fpinit)
    $v0                                      0x08005594   Number         0  fpinit.o(x$fpl$fpinit)
    x$fpl$printf1                            0x0800559e   Section        4  printf1.o(x$fpl$printf1)
    $v0                                      0x0800559e   Number         0  printf1.o(x$fpl$printf1)
    x$fpl$usenofp                            0x080055a2   Section        0  usenofp.o(x$fpl$usenofp)
    .constdata                               0x080055a4   Section      148  bigflt0.o(.constdata)
    tenpwrs_x                                0x080055a4   Data          60  bigflt0.o(.constdata)
    tenpwrs_i                                0x080055e0   Data          64  bigflt0.o(.constdata)
    locale$$data                             0x08005658   Section       28  lc_numeric_c.o(locale$$data)
    __lcnum_c_name                           0x0800565c   Data           2  lc_numeric_c.o(locale$$data)
    __lcnum_c_start                          0x08005664   Data           0  lc_numeric_c.o(locale$$data)
    __lcnum_c_point                          0x08005670   Data           0  lc_numeric_c.o(locale$$data)
    __lcnum_c_thousands                      0x08005672   Data           0  lc_numeric_c.o(locale$$data)
    __lcnum_c_grouping                       0x08005673   Data           0  lc_numeric_c.o(locale$$data)
    __lcnum_c_end                            0x08005674   Data           0  lc_numeric_c.o(locale$$data)
    .data                                    0x20000000   Section       40  main.o(.data)
    .data                                    0x20000028   Section       24  hall_timer_config.o(.data)
    .data                                    0x20000040   Section       11  usart.o(.data)
    rx_char                                  0x20000049   Data           1  usart.o(.data)
    rx_head                                  0x2000004a   Data           1  usart.o(.data)
    .data                                    0x2000004c   Section       60  tasks.o(.data)
    pxDelayedTaskList                        0x20000050   Data           4  tasks.o(.data)
    pxOverflowDelayedTaskList                0x20000054   Data           4  tasks.o(.data)
    uxDeletedTasksWaitingCleanUp             0x20000058   Data           4  tasks.o(.data)
    uxCurrentNumberOfTasks                   0x2000005c   Data           4  tasks.o(.data)
    xTickCount                               0x20000060   Data           4  tasks.o(.data)
    uxTopReadyPriority                       0x20000064   Data           4  tasks.o(.data)
    xSchedulerRunning                        0x20000068   Data           4  tasks.o(.data)
    xPendedTicks                             0x2000006c   Data           4  tasks.o(.data)
    xYieldPending                            0x20000070   Data           4  tasks.o(.data)
    xNumOfOverflows                          0x20000074   Data           4  tasks.o(.data)
    uxTaskNumber                             0x20000078   Data           4  tasks.o(.data)
    xNextTaskUnblockTime                     0x2000007c   Data           4  tasks.o(.data)
    xIdleTaskHandle                          0x20000080   Data           4  tasks.o(.data)
    uxSchedulerSuspended                     0x20000084   Data           4  tasks.o(.data)
    .data                                    0x20000088   Section       20  timers.o(.data)
    pxCurrentTimerList                       0x20000088   Data           4  timers.o(.data)
    pxOverflowTimerList                      0x2000008c   Data           4  timers.o(.data)
    xTimerQueue                              0x20000090   Data           4  timers.o(.data)
    xTimerTaskHandle                         0x20000094   Data           4  timers.o(.data)
    xLastTime                                0x20000098   Data           4  timers.o(.data)
    .data                                    0x2000009c   Section       12  port.o(.data)
    uxCriticalNesting                        0x2000009c   Data           4  port.o(.data)
    ucMaxSysCallPriority                     0x200000a0   Data           1  port.o(.data)
    ulMaxPRIGROUPValue                       0x200000a4   Data           4  port.o(.data)
    .data                                    0x200000a8   Section       24  heap_2.o(.data)
    xStart                                   0x200000a8   Data           8  heap_2.o(.data)
    xEnd                                     0x200000b0   Data           8  heap_2.o(.data)
    xFreeBytesRemaining                      0x200000b8   Data           4  heap_2.o(.data)
    xHeapHasBeenInitialised                  0x200000bc   Data           4  heap_2.o(.data)
    .data                                    0x200000c0   Section       16  stm32f4xx_rcc.o(.data)
    APBAHBPrescTable                         0x200000c0   Data          16  stm32f4xx_rcc.o(.data)
    .bss                                     0x200000d0   Section      612  main.o(.bss)
    .bss                                     0x20000338   Section       64  hall_timer_config.o(.bss)
    .bss                                     0x20000378   Section       16  usart.o(.bss)
    .bss                                     0x20000388   Section       64  queue.o(.bss)
    .bss                                     0x200003c8   Section      200  tasks.o(.bss)
    pxReadyTasksLists                        0x200003c8   Data         100  tasks.o(.bss)
    xDelayedTaskList1                        0x2000042c   Data          20  tasks.o(.bss)
    xDelayedTaskList2                        0x20000440   Data          20  tasks.o(.bss)
    xPendingReadyList                        0x20000454   Data          20  tasks.o(.bss)
    xTasksWaitingTermination                 0x20000468   Data          20  tasks.o(.bss)
    xSuspendedTaskList                       0x2000047c   Data          20  tasks.o(.bss)
    .bss                                     0x20000490   Section       40  timers.o(.bss)
    xActiveTimerList1                        0x20000490   Data          20  timers.o(.bss)
    xActiveTimerList2                        0x200004a4   Data          20  timers.o(.bss)
    .bss                                     0x200004b8   Section    76800  heap_2.o(.bss)
    ucHeap                                   0x200004b8   Data       76800  heap_2.o(.bss)
    .bss                                     0x200130b8   Section       96  libspace.o(.bss)
    HEAP                                     0x20013118   Section      512  startup_stm32f40_41xxx.o(HEAP)
    Heap_Mem                                 0x20013118   Data         512  startup_stm32f40_41xxx.o(HEAP)
    STACK                                    0x20013318   Section     1024  startup_stm32f40_41xxx.o(STACK)
    Stack_Mem                                0x20013318   Data        1024  startup_stm32f40_41xxx.o(STACK)
    __initial_sp                             0x20013718   Data           0  startup_stm32f40_41xxx.o(STACK)

    Global Symbols

    Symbol Name                              Value     Ov Type        Size  Object(Section)

    BuildAttributes$$THM_ISAv4$E$P$D$K$B$S$7EM$VFPi3$EXTD16$VFPS$VFMA$PE$A:L22UL41UL21$X:L11$S22US41US21$IEEE1$IW$USESV6$~STKCKD$USESV7$~SHL$OTIME$ROPI$IEEEX$EBA8$UX$STANDARDLIB$REQ8$PRES8$EABIv2 0x00000000   Number         0  anon$$obj.o ABSOLUTE
    __ARM_use_no_argv                        0x00000000   Number         0  main.o ABSOLUTE
    _printf_flags                            0x00000000   Number         0  printf_stubs.o ABSOLUTE
    _printf_return_value                     0x00000000   Number         0  printf_stubs.o ABSOLUTE
    _printf_sizespec                         0x00000000   Number         0  printf_stubs.o ABSOLUTE
    _printf_widthprec                        0x00000000   Number         0  printf_stubs.o ABSOLUTE
    __ARM_exceptions_init                     - Undefined Weak Reference
    __alloca_initialize                       - Undefined Weak Reference
    __arm_preinit_                            - Undefined Weak Reference
    __cpp_initialize__aeabi_                  - Undefined Weak Reference
    __cxa_finalize                            - Undefined Weak Reference
    __sigvec_lookup                           - Undefined Weak Reference
    _atexit_init                              - Undefined Weak Reference
    _call_atexit_fns                          - Undefined Weak Reference
    _clock_init                               - Undefined Weak Reference
    _fp_trap_init                             - Undefined Weak Reference
    _fp_trap_shutdown                         - Undefined Weak Reference
    _get_lc_collate                           - Undefined Weak Reference
    _get_lc_ctype                             - Undefined Weak Reference
    _get_lc_monetary                          - Undefined Weak Reference
    _get_lc_time                              - Undefined Weak Reference
    _getenv_init                              - Undefined Weak Reference
    _handle_redirection                       - Undefined Weak Reference
    _init_alloc                               - Undefined Weak Reference
    _init_user_alloc                          - Undefined Weak Reference
    _initio                                   - Undefined Weak Reference
    _printf_post_padding                      - Undefined Weak Reference
    _printf_pre_padding                       - Undefined Weak Reference
    _rand_init                                - Undefined Weak Reference
    _signal_finish                            - Undefined Weak Reference
    _signal_init                              - Undefined Weak Reference
    _terminate_alloc                          - Undefined Weak Reference
    _terminate_user_alloc                     - Undefined Weak Reference
    _terminateio                              - Undefined Weak Reference
    __Vectors_Size                           0x00000188   Number         0  startup_stm32f40_41xxx.o ABSOLUTE
    __Vectors                                0x08000000   Data           4  startup_stm32f40_41xxx.o(RESET)
    __Vectors_End                            0x08000188   Data           0  startup_stm32f40_41xxx.o(RESET)
    __main                                   0x08000189   Thumb Code     8  __main.o(!!!main)
    __scatterload                            0x08000191   Thumb Code     0  __scatter.o(!!!scatter)
    __scatterload_rt2                        0x08000191   Thumb Code    44  __scatter.o(!!!scatter)
    __scatterload_rt2_thumb_only             0x08000191   Thumb Code     0  __scatter.o(!!!scatter)
    __scatterload_null                       0x0800019f   Thumb Code     0  __scatter.o(!!!scatter)
    __scatterload_copy                       0x080001c5   Thumb Code    26  __scatter_copy.o(!!handler_copy)
    __scatterload_zeroinit                   0x080001e1   Thumb Code    28  __scatter_zi.o(!!handler_zi)
    _printf_f                                0x080001fd   Thumb Code     0  _printf_f.o(.ARM.Collect$$_printf_percent$$00000003)
    _printf_percent                          0x080001fd   Thumb Code     0  _printf_percent.o(.ARM.Collect$$_printf_percent$$00000000)
    _printf_percent_end                      0x08000203   Thumb Code     0  _printf_percent_end.o(.ARM.Collect$$_printf_percent$$00000017)
    __rt_lib_init                            0x08000207   Thumb Code     0  libinit.o(.ARM.Collect$$libinit$$00000000)
    __rt_lib_init_fp_1                       0x08000209   Thumb Code     0  libinit2.o(.ARM.Collect$$libinit$$00000001)
    __rt_lib_init_heap_1                     0x0800020d   Thumb Code     0  libinit2.o(.ARM.Collect$$libinit$$0000000A)
    __rt_lib_init_lc_common                  0x0800020d   Thumb Code     0  libinit2.o(.ARM.Collect$$libinit$$0000000F)
    __rt_lib_init_preinit_1                  0x0800020d   Thumb Code     0  libinit2.o(.ARM.Collect$$libinit$$00000004)
    __rt_lib_init_rand_1                     0x0800020d   Thumb Code     0  libinit2.o(.ARM.Collect$$libinit$$0000000E)
    __rt_lib_init_user_alloc_1               0x0800020d   Thumb Code     0  libinit2.o(.ARM.Collect$$libinit$$0000000C)
    __rt_lib_init_lc_collate_1               0x08000213   Thumb Code     0  libinit2.o(.ARM.Collect$$libinit$$00000011)
    __rt_lib_init_lc_ctype_1                 0x08000213   Thumb Code     0  libinit2.o(.ARM.Collect$$libinit$$00000013)
    __rt_lib_init_lc_monetary_1              0x08000213   Thumb Code     0  libinit2.o(.ARM.Collect$$libinit$$00000015)
    __rt_lib_init_lc_numeric_2               0x08000213   Thumb Code     0  libinit2.o(.ARM.Collect$$libinit$$00000016)
    __rt_lib_init_alloca_1                   0x0800021d   Thumb Code     0  libinit2.o(.ARM.Collect$$libinit$$0000002E)
    __rt_lib_init_argv_1                     0x0800021d   Thumb Code     0  libinit2.o(.ARM.Collect$$libinit$$0000002C)
    __rt_lib_init_atexit_1                   0x0800021d   Thumb Code     0  libinit2.o(.ARM.Collect$$libinit$$0000001B)
    __rt_lib_init_clock_1                    0x0800021d   Thumb Code     0  libinit2.o(.ARM.Collect$$libinit$$00000021)
    __rt_lib_init_cpp_1                      0x0800021d   Thumb Code     0  libinit2.o(.ARM.Collect$$libinit$$00000032)
    __rt_lib_init_exceptions_1               0x0800021d   Thumb Code     0  libinit2.o(.ARM.Collect$$libinit$$00000030)
    __rt_lib_init_fp_trap_1                  0x0800021d   Thumb Code     0  libinit2.o(.ARM.Collect$$libinit$$0000001F)
    __rt_lib_init_getenv_1                   0x0800021d   Thumb Code     0  libinit2.o(.ARM.Collect$$libinit$$00000023)
    __rt_lib_init_lc_numeric_1               0x0800021d   Thumb Code     0  libinit2.o(.ARM.Collect$$libinit$$00000017)
    __rt_lib_init_lc_time_1                  0x0800021d   Thumb Code     0  libinit2.o(.ARM.Collect$$libinit$$00000019)
    __rt_lib_init_return                     0x0800021d   Thumb Code     0  libinit2.o(.ARM.Collect$$libinit$$00000033)
    __rt_lib_init_signal_1                   0x0800021d   Thumb Code     0  libinit2.o(.ARM.Collect$$libinit$$0000001D)
    __rt_lib_init_stdio_1                    0x0800021d   Thumb Code     0  libinit2.o(.ARM.Collect$$libinit$$00000025)
    __rt_lib_shutdown                        0x0800021f   Thumb Code     0  libshutdown.o(.ARM.Collect$$libshutdown$$00000000)
    __rt_lib_shutdown_cpp_1                  0x08000221   Thumb Code     0  libshutdown2.o(.ARM.Collect$$libshutdown$$00000002)
    __rt_lib_shutdown_fp_trap_1              0x08000221   Thumb Code     0  libshutdown2.o(.ARM.Collect$$libshutdown$$00000007)
    __rt_lib_shutdown_heap_1                 0x08000221   Thumb Code     0  libshutdown2.o(.ARM.Collect$$libshutdown$$0000000F)
    __rt_lib_shutdown_return                 0x08000221   Thumb Code     0  libshutdown2.o(.ARM.Collect$$libshutdown$$00000010)
    __rt_lib_shutdown_signal_1               0x08000221   Thumb Code     0  libshutdown2.o(.ARM.Collect$$libshutdown$$0000000A)
    __rt_lib_shutdown_stdio_1                0x08000221   Thumb Code     0  libshutdown2.o(.ARM.Collect$$libshutdown$$00000004)
    __rt_lib_shutdown_user_alloc_1           0x08000221   Thumb Code     0  libshutdown2.o(.ARM.Collect$$libshutdown$$0000000C)
    __rt_entry                               0x08000223   Thumb Code     0  __rtentry.o(.ARM.Collect$$rtentry$$00000000)
    __rt_entry_presh_1                       0x08000223   Thumb Code     0  __rtentry2.o(.ARM.Collect$$rtentry$$00000002)
    __rt_entry_sh                            0x08000223   Thumb Code     0  __rtentry4.o(.ARM.Collect$$rtentry$$00000004)
    __rt_entry_li                            0x08000229   Thumb Code     0  __rtentry2.o(.ARM.Collect$$rtentry$$0000000A)
    __rt_entry_postsh_1                      0x08000229   Thumb Code     0  __rtentry2.o(.ARM.Collect$$rtentry$$00000009)
    __rt_entry_main                          0x0800022d   Thumb Code     0  __rtentry2.o(.ARM.Collect$$rtentry$$0000000D)
    __rt_entry_postli_1                      0x0800022d   Thumb Code     0  __rtentry2.o(.ARM.Collect$$rtentry$$0000000C)
    __rt_exit                                0x08000235   Thumb Code     0  rtexit.o(.ARM.Collect$$rtexit$$00000000)
    __rt_exit_ls                             0x08000237   Thumb Code     0  rtexit2.o(.ARM.Collect$$rtexit$$00000003)
    __rt_exit_prels_1                        0x08000237   Thumb Code     0  rtexit2.o(.ARM.Collect$$rtexit$$00000002)
    __rt_exit_exit                           0x0800023b   Thumb Code     0  rtexit2.o(.ARM.Collect$$rtexit$$00000004)
    SVC_Handler                              0x08000241   Thumb Code    28  port.o(.emb_text)
    __asm___6_port_c_39a90d8d__prvStartFirstTask 0x08000261   Thumb Code    36  port.o(.emb_text)
    __asm___6_port_c_39a90d8d__prvEnableVFP  0x08000289   Thumb Code    16  port.o(.emb_text)
    PendSV_Handler                           0x0800029d   Thumb Code    88  port.o(.emb_text)
    vPortGetIPSR                             0x080002f9   Thumb Code     6  port.o(.emb_text)
    Reset_Handler                            0x08000301   Thumb Code     8  startup_stm32f40_41xxx.o(.text)
    NMI_Handler                              0x08000309   Thumb Code     2  startup_stm32f40_41xxx.o(.text)
    HardFault_Handler                        0x0800030b   Thumb Code     2  startup_stm32f40_41xxx.o(.text)
    MemManage_Handler                        0x0800030d   Thumb Code     2  startup_stm32f40_41xxx.o(.text)
    BusFault_Handler                         0x0800030f   Thumb Code     2  startup_stm32f40_41xxx.o(.text)
    UsageFault_Handler                       0x08000311   Thumb Code     2  startup_stm32f40_41xxx.o(.text)
    DebugMon_Handler                         0x08000315   Thumb Code     2  startup_stm32f40_41xxx.o(.text)
    ADC_IRQHandler                           0x0800031b   Thumb Code     0  startup_stm32f40_41xxx.o(.text)
    CAN1_RX0_IRQHandler                      0x0800031b   Thumb Code     0  startup_stm32f40_41xxx.o(.text)
    CAN1_RX1_IRQHandler                      0x0800031b   Thumb Code     0  startup_stm32f40_41xxx.o(.text)
    CAN1_SCE_IRQHandler                      0x0800031b   Thumb Code     0  startup_stm32f40_41xxx.o(.text)
    CAN1_TX_IRQHandler                       0x0800031b   Thumb Code     0  startup_stm32f40_41xxx.o(.text)
    CAN2_RX0_IRQHandler                      0x0800031b   Thumb Code     0  startup_stm32f40_41xxx.o(.text)
    CAN2_RX1_IRQHandler                      0x0800031b   Thumb Code     0  startup_stm32f40_41xxx.o(.text)
    CAN2_SCE_IRQHandler                      0x0800031b   Thumb Code     0  startup_stm32f40_41xxx.o(.text)
    CAN2_TX_IRQHandler                       0x0800031b   Thumb Code     0  startup_stm32f40_41xxx.o(.text)
    CRYP_IRQHandler                          0x0800031b   Thumb Code     0  startup_stm32f40_41xxx.o(.text)
    DCMI_IRQHandler                          0x0800031b   Thumb Code     0  startup_stm32f40_41xxx.o(.text)
    DMA1_Stream0_IRQHandler                  0x0800031b   Thumb Code     0  startup_stm32f40_41xxx.o(.text)
    DMA1_Stream1_IRQHandler                  0x0800031b   Thumb Code     0  startup_stm32f40_41xxx.o(.text)
    DMA1_Stream2_IRQHandler                  0x0800031b   Thumb Code     0  startup_stm32f40_41xxx.o(.text)
    DMA1_Stream3_IRQHandler                  0x0800031b   Thumb Code     0  startup_stm32f40_41xxx.o(.text)
    DMA1_Stream4_IRQHandler                  0x0800031b   Thumb Code     0  startup_stm32f40_41xxx.o(.text)
    DMA1_Stream5_IRQHandler                  0x0800031b   Thumb Code     0  startup_stm32f40_41xxx.o(.text)
    DMA1_Stream6_IRQHandler                  0x0800031b   Thumb Code     0  startup_stm32f40_41xxx.o(.text)
    DMA1_Stream7_IRQHandler                  0x0800031b   Thumb Code     0  startup_stm32f40_41xxx.o(.text)
    DMA2_Stream0_IRQHandler                  0x0800031b   Thumb Code     0  startup_stm32f40_41xxx.o(.text)
    DMA2_Stream1_IRQHandler                  0x0800031b   Thumb Code     0  startup_stm32f40_41xxx.o(.text)
    DMA2_Stream2_IRQHandler                  0x0800031b   Thumb Code     0  startup_stm32f40_41xxx.o(.text)
    DMA2_Stream3_IRQHandler                  0x0800031b   Thumb Code     0  startup_stm32f40_41xxx.o(.text)
    DMA2_Stream4_IRQHandler                  0x0800031b   Thumb Code     0  startup_stm32f40_41xxx.o(.text)
    DMA2_Stream5_IRQHandler                  0x0800031b   Thumb Code     0  startup_stm32f40_41xxx.o(.text)
    DMA2_Stream6_IRQHandler                  0x0800031b   Thumb Code     0  startup_stm32f40_41xxx.o(.text)
    DMA2_Stream7_IRQHandler                  0x0800031b   Thumb Code     0  startup_stm32f40_41xxx.o(.text)
    ETH_IRQHandler                           0x0800031b   Thumb Code     0  startup_stm32f40_41xxx.o(.text)
    ETH_WKUP_IRQHandler                      0x0800031b   Thumb Code     0  startup_stm32f40_41xxx.o(.text)
    EXTI0_IRQHandler                         0x0800031b   Thumb Code     0  startup_stm32f40_41xxx.o(.text)
    EXTI15_10_IRQHandler                     0x0800031b   Thumb Code     0  startup_stm32f40_41xxx.o(.text)
    EXTI1_IRQHandler                         0x0800031b   Thumb Code     0  startup_stm32f40_41xxx.o(.text)
    EXTI2_IRQHandler                         0x0800031b   Thumb Code     0  startup_stm32f40_41xxx.o(.text)
    EXTI3_IRQHandler                         0x0800031b   Thumb Code     0  startup_stm32f40_41xxx.o(.text)
    EXTI4_IRQHandler                         0x0800031b   Thumb Code     0  startup_stm32f40_41xxx.o(.text)
    EXTI9_5_IRQHandler                       0x0800031b   Thumb Code     0  startup_stm32f40_41xxx.o(.text)
    FLASH_IRQHandler                         0x0800031b   Thumb Code     0  startup_stm32f40_41xxx.o(.text)
    FPU_IRQHandler                           0x0800031b   Thumb Code     0  startup_stm32f40_41xxx.o(.text)
    FSMC_IRQHandler                          0x0800031b   Thumb Code     0  startup_stm32f40_41xxx.o(.text)
    HASH_RNG_IRQHandler                      0x0800031b   Thumb Code     0  startup_stm32f40_41xxx.o(.text)
    I2C1_ER_IRQHandler                       0x0800031b   Thumb Code     0  startup_stm32f40_41xxx.o(.text)
    I2C1_EV_IRQHandler                       0x0800031b   Thumb Code     0  startup_stm32f40_41xxx.o(.text)
    I2C2_ER_IRQHandler                       0x0800031b   Thumb Code     0  startup_stm32f40_41xxx.o(.text)
    I2C2_EV_IRQHandler                       0x0800031b   Thumb Code     0  startup_stm32f40_41xxx.o(.text)
    I2C3_ER_IRQHandler                       0x0800031b   Thumb Code     0  startup_stm32f40_41xxx.o(.text)
    I2C3_EV_IRQHandler                       0x0800031b   Thumb Code     0  startup_stm32f40_41xxx.o(.text)
    OTG_FS_IRQHandler                        0x0800031b   Thumb Code     0  startup_stm32f40_41xxx.o(.text)
    OTG_FS_WKUP_IRQHandler                   0x0800031b   Thumb Code     0  startup_stm32f40_41xxx.o(.text)
    OTG_HS_EP1_IN_IRQHandler                 0x0800031b   Thumb Code     0  startup_stm32f40_41xxx.o(.text)
    OTG_HS_EP1_OUT_IRQHandler                0x0800031b   Thumb Code     0  startup_stm32f40_41xxx.o(.text)
    OTG_HS_IRQHandler                        0x0800031b   Thumb Code     0  startup_stm32f40_41xxx.o(.text)
    OTG_HS_WKUP_IRQHandler                   0x0800031b   Thumb Code     0  startup_stm32f40_41xxx.o(.text)
    PVD_IRQHandler                           0x0800031b   Thumb Code     0  startup_stm32f40_41xxx.o(.text)
    RCC_IRQHandler                           0x0800031b   Thumb Code     0  startup_stm32f40_41xxx.o(.text)
    RTC_Alarm_IRQHandler                     0x0800031b   Thumb Code     0  startup_stm32f40_41xxx.o(.text)
    RTC_WKUP_IRQHandler                      0x0800031b   Thumb Code     0  startup_stm32f40_41xxx.o(.text)
    SDIO_IRQHandler                          0x0800031b   Thumb Code     0  startup_stm32f40_41xxx.o(.text)
    SPI1_IRQHandler                          0x0800031b   Thumb Code     0  startup_stm32f40_41xxx.o(.text)
    SPI2_IRQHandler                          0x0800031b   Thumb Code     0  startup_stm32f40_41xxx.o(.text)
    SPI3_IRQHandler                          0x0800031b   Thumb Code     0  startup_stm32f40_41xxx.o(.text)
    TAMP_STAMP_IRQHandler                    0x0800031b   Thumb Code     0  startup_stm32f40_41xxx.o(.text)
    TIM1_BRK_TIM9_IRQHandler                 0x0800031b   Thumb Code     0  startup_stm32f40_41xxx.o(.text)
    TIM1_CC_IRQHandler                       0x0800031b   Thumb Code     0  startup_stm32f40_41xxx.o(.text)
    TIM1_TRG_COM_TIM11_IRQHandler            0x0800031b   Thumb Code     0  startup_stm32f40_41xxx.o(.text)
    TIM1_UP_TIM10_IRQHandler                 0x0800031b   Thumb Code     0  startup_stm32f40_41xxx.o(.text)
    TIM2_IRQHandler                          0x0800031b   Thumb Code     0  startup_stm32f40_41xxx.o(.text)
    TIM3_IRQHandler                          0x0800031b   Thumb Code     0  startup_stm32f40_41xxx.o(.text)
    TIM5_IRQHandler                          0x0800031b   Thumb Code     0  startup_stm32f40_41xxx.o(.text)
    TIM6_DAC_IRQHandler                      0x0800031b   Thumb Code     0  startup_stm32f40_41xxx.o(.text)
    TIM7_IRQHandler                          0x0800031b   Thumb Code     0  startup_stm32f40_41xxx.o(.text)
    TIM8_BRK_TIM12_IRQHandler                0x0800031b   Thumb Code     0  startup_stm32f40_41xxx.o(.text)
    TIM8_CC_IRQHandler                       0x0800031b   Thumb Code     0  startup_stm32f40_41xxx.o(.text)
    TIM8_TRG_COM_TIM14_IRQHandler            0x0800031b   Thumb Code     0  startup_stm32f40_41xxx.o(.text)
    TIM8_UP_TIM13_IRQHandler                 0x0800031b   Thumb Code     0  startup_stm32f40_41xxx.o(.text)
    UART4_IRQHandler                         0x0800031b   Thumb Code     0  startup_stm32f40_41xxx.o(.text)
    UART5_IRQHandler                         0x0800031b   Thumb Code     0  startup_stm32f40_41xxx.o(.text)
    USART1_IRQHandler                        0x0800031b   Thumb Code     0  startup_stm32f40_41xxx.o(.text)
    USART3_IRQHandler                        0x0800031b   Thumb Code     0  startup_stm32f40_41xxx.o(.text)
    USART6_IRQHandler                        0x0800031b   Thumb Code     0  startup_stm32f40_41xxx.o(.text)
    WWDG_IRQHandler                          0x0800031b   Thumb Code     0  startup_stm32f40_41xxx.o(.text)
    __user_initial_stackheap                 0x0800031d   Thumb Code     0  startup_stm32f40_41xxx.o(.text)
    __2sprintf                               0x08000341   Thumb Code    34  noretval__2sprintf.o(.text)
    __printf                                 0x08000369   Thumb Code   184  __printf_ss.o(.text)
    __aeabi_memcpy                           0x08000421   Thumb Code     0  rt_memcpy_v6.o(.text)
    __rt_memcpy                              0x08000421   Thumb Code   138  rt_memcpy_v6.o(.text)
    _memcpy_lastbytes                        0x08000487   Thumb Code     0  rt_memcpy_v6.o(.text)
    __aeabi_memcpy4                          0x080004ab   Thumb Code     0  rt_memcpy_w.o(.text)
    __aeabi_memcpy8                          0x080004ab   Thumb Code     0  rt_memcpy_w.o(.text)
    __rt_memcpy_w                            0x080004ab   Thumb Code   100  rt_memcpy_w.o(.text)
    _memcpy_lastbytes_aligned                0x080004f3   Thumb Code     0  rt_memcpy_w.o(.text)
    __aeabi_memset                           0x0800050f   Thumb Code    16  aeabi_memset.o(.text)
    __aeabi_memclr4                          0x0800051f   Thumb Code     0  rt_memclr_w.o(.text)
    __aeabi_memclr8                          0x0800051f   Thumb Code     0  rt_memclr_w.o(.text)
    __rt_memclr_w                            0x0800051f   Thumb Code    78  rt_memclr_w.o(.text)
    _memset_w                                0x08000523   Thumb Code     0  rt_memclr_w.o(.text)
    __use_two_region_memory                  0x0800056d   Thumb Code     2  heapauxi.o(.text)
    __rt_heap_escrow$2region                 0x0800056f   Thumb Code     2  heapauxi.o(.text)
    __rt_heap_expand$2region                 0x08000571   Thumb Code     2  heapauxi.o(.text)
    __read_errno                             0x08000573   Thumb Code    10  _rserrno.o(.text)
    __set_errno                              0x0800057d   Thumb Code    12  _rserrno.o(.text)
    __lib_sel_fp_printf                      0x08000589   Thumb Code     2  _printf_fp_dec.o(.text)
    _printf_fp_dec_real                      0x0800073b   Thumb Code   620  _printf_fp_dec.o(.text)
    _printf_char_common                      0x080009b3   Thumb Code    32  _printf_char_common.o(.text)
    _sputc                                   0x080009d9   Thumb Code    10  _sputc.o(.text)
    __aeabi_memclr                           0x080009e3   Thumb Code     0  rt_memclr.o(.text)
    __rt_memclr                              0x080009e3   Thumb Code    68  rt_memclr.o(.text)
    _memset                                  0x080009e7   Thumb Code     0  rt_memclr.o(.text)
    __rt_locale                              0x08000a29   Thumb Code     8  rt_locale_intlibspace.o(.text)
    __aeabi_errno_addr                       0x08000a31   Thumb Code     8  rt_errno_addr_intlibspace.o(.text)
    __errno$intlibspace                      0x08000a31   Thumb Code     0  rt_errno_addr_intlibspace.o(.text)
    __rt_errno_addr$intlibspace              0x08000a31   Thumb Code     0  rt_errno_addr_intlibspace.o(.text)
    _ll_udiv10                               0x08000a39   Thumb Code   138  lludiv10.o(.text)
    _printf_fp_infnan                        0x08000ac5   Thumb Code   112  _printf_fp_infnan.o(.text)
    _btod_etento                             0x08000b45   Thumb Code   224  bigflt0.o(.text)
    __user_libspace                          0x08000c29   Thumb Code     8  libspace.o(.text)
    __user_perproc_libspace                  0x08000c29   Thumb Code     0  libspace.o(.text)
    __user_perthread_libspace                0x08000c29   Thumb Code     0  libspace.o(.text)
    __user_setup_stackheap                   0x08000c31   Thumb Code    74  sys_stackheap_outer.o(.text)
    exit                                     0x08000c7b   Thumb Code    18  exit.o(.text)
    strcmp                                   0x08000c8d   Thumb Code   128  strcmpv7m.o(.text)
    _sys_exit                                0x08000d0d   Thumb Code     8  sys_exit.o(.text)
    __I$use$semihosting                      0x08000d19   Thumb Code     0  use_no_semi.o(.text)
    __use_no_semihosting_swi                 0x08000d19   Thumb Code     2  use_no_semi.o(.text)
    __semihosting_library_function           0x08000d1b   Thumb Code     0  indicate_semi.o(.text)
    _btod_d2e                                0x08000d1b   Thumb Code    62  btod.o(CL$$btod_d2e)
    _d2e_denorm_low                          0x08000d59   Thumb Code    70  btod.o(CL$$btod_d2e_denorm_low)
    _d2e_norm_op1                            0x08000d9f   Thumb Code    96  btod.o(CL$$btod_d2e_norm_op1)
    __btod_div_common                        0x08000dff   Thumb Code   696  btod.o(CL$$btod_div_common)
    _e2e                                     0x08001137   Thumb Code   220  btod.o(CL$$btod_e2e)
    _btod_ediv                               0x08001213   Thumb Code    42  btod.o(CL$$btod_ediv)
    _btod_emul                               0x0800123d   Thumb Code    42  btod.o(CL$$btod_emul)
    __btod_mult_common                       0x08001267   Thumb Code   580  btod.o(CL$$btod_mult_common)
    GPIO_Init                                0x080014ab   Thumb Code   144  stm32f4xx_gpio.o(i.GPIO_Init)
    GPIO_PinAFConfig                         0x0800153b   Thumb Code    70  stm32f4xx_gpio.o(i.GPIO_PinAFConfig)
    GPIO_ReadInputDataBit                    0x08001581   Thumb Code    18  stm32f4xx_gpio.o(i.GPIO_ReadInputDataBit)
    GetTheta                                 0x08001595   Thumb Code    16  main.o(i.GetTheta)
    NVIC_Init                                0x080015a9   Thumb Code   106  misc.o(i.NVIC_Init)
    RCC_AHB1PeriphClockCmd                   0x08001621   Thumb Code    26  stm32f4xx_rcc.o(i.RCC_AHB1PeriphClockCmd)
    RCC_APB1PeriphClockCmd                   0x08001641   Thumb Code    26  stm32f4xx_rcc.o(i.RCC_APB1PeriphClockCmd)
    RCC_GetClocksFreq                        0x08001661   Thumb Code   214  stm32f4xx_rcc.o(i.RCC_GetClocksFreq)
    SysTick_Handler                          0x08001835   Thumb Code    46  port.o(i.SysTick_Handler)
    SystemInit                               0x08001869   Thumb Code    88  system_stm32f4xx.o(i.SystemInit)
    TIM4_IRQHandler                          0x080019f5   Thumb Code   646  hall_timer_config.o(i.TIM4_IRQHandler)
    TIM_Cmd                                  0x08001cad   Thumb Code    24  stm32f4xx_tim.o(i.TIM_Cmd)
    TIM_ICInit                               0x08001cc5   Thumb Code   110  stm32f4xx_tim.o(i.TIM_ICInit)
    TIM_ITConfig                             0x08001d33   Thumb Code    18  stm32f4xx_tim.o(i.TIM_ITConfig)
    TIM_SelectHallSensor                     0x08001d45   Thumb Code    24  stm32f4xx_tim.o(i.TIM_SelectHallSensor)
    TIM_SelectInputTrigger                   0x08001d5d   Thumb Code    18  stm32f4xx_tim.o(i.TIM_SelectInputTrigger)
    TIM_SelectSlaveMode                      0x08001d6f   Thumb Code    18  stm32f4xx_tim.o(i.TIM_SelectSlaveMode)
    TIM_SetIC1Prescaler                      0x08001d81   Thumb Code    18  stm32f4xx_tim.o(i.TIM_SetIC1Prescaler)
    TIM_SetIC2Prescaler                      0x08001d93   Thumb Code    26  stm32f4xx_tim.o(i.TIM_SetIC2Prescaler)
    TIM_SetIC3Prescaler                      0x08001dad   Thumb Code    18  stm32f4xx_tim.o(i.TIM_SetIC3Prescaler)
    TIM_SetIC4Prescaler                      0x08001dbf   Thumb Code    26  stm32f4xx_tim.o(i.TIM_SetIC4Prescaler)
    TIM_TimeBaseInit                         0x08001dd9   Thumb Code   104  stm32f4xx_tim.o(i.TIM_TimeBaseInit)
    USART2_IRQHandler                        0x08001e5d   Thumb Code   122  usart.o(i.USART2_IRQHandler)
    USART2_Init                              0x08001ef5   Thumb Code   196  usart.o(i.USART2_Init)
    USART2_SendChar                          0x08001fcd   Thumb Code    30  usart.o(i.USART2_SendChar)
    USART_ClearITPendingBit                  0x08001ff5   Thumb Code    30  stm32f4xx_usart.o(i.USART_ClearITPendingBit)
    USART_Cmd                                0x08002013   Thumb Code    24  stm32f4xx_usart.o(i.USART_Cmd)
    USART_GetITStatus                        0x0800202b   Thumb Code    84  stm32f4xx_usart.o(i.USART_GetITStatus)
    USART_ITConfig                           0x0800207f   Thumb Code    74  stm32f4xx_usart.o(i.USART_ITConfig)
    USART_Init                               0x080020c9   Thumb Code   204  stm32f4xx_usart.o(i.USART_Init)
    USART_ReceiveData                        0x0800219d   Thumb Code    10  stm32f4xx_usart.o(i.USART_ReceiveData)
    USART_SendData                           0x080021a7   Thumb Code     8  stm32f4xx_usart.o(i.USART_SendData)
    __ARM_fpclassify                         0x080021af   Thumb Code    48  fpclassify.o(i.__ARM_fpclassify)
    __hardfp_fmod                            0x080021e1   Thumb Code   254  fmod.o(i.__hardfp_fmod)
    __mathlib_dbl_invalid                    0x080022e9   Thumb Code    24  dunder.o(i.__mathlib_dbl_invalid)
    getSpeed                                 0x08002309   Thumb Code     8  hall_timer_config.o(i.getSpeed)
    getTime                                  0x08002315   Thumb Code     8  hall_timer_config.o(i.getTime)
    kalman_angle_calc                        0x08002321   Thumb Code  1144  kalman.o(i.kalman_angle_calc)
    kalman_init                              0x080027a1   Thumb Code    66  kalman.o(i.kalman_init)
    main                                     0x08002805   Thumb Code   100  main.o(i.main)
    pvPortMalloc                             0x080031e5   Thumb Code   164  heap_2.o(i.pvPortMalloc)
    pvTaskIncrementMutexHeldCount            0x0800329d   Thumb Code    26  tasks.o(i.pvTaskIncrementMutexHeldCount)
    pxPortInitialiseStack                    0x080032bd   Thumb Code    38  port.o(i.pxPortInitialiseStack)
    send_message                             0x080032e9   Thumb Code    32  usart.o(i.send_message)
    timer4_init                              0x0800330d   Thumb Code   232  hall_timer_config.o(i.timer4_init)
    uxListRemove                             0x080033fd   Thumb Code    40  list.o(i.uxListRemove)
    vInit_system                             0x08003425   Thumb Code    56  main.o(i.vInit_system)
    vKalibracija                             0x08003489   Thumb Code    78  main.o(i.vKalibracija)
    vKalmanTask                              0x0800352d   Thumb Code   170  main.o(i.vKalmanTask)
    vListInitialise                          0x08003621   Thumb Code    26  list.o(i.vListInitialise)
    vListInitialiseItem                      0x0800363b   Thumb Code     6  list.o(i.vListInitialiseItem)
    vListInsert                              0x08003641   Thumb Code    52  list.o(i.vListInsert)
    vListInsertEnd                           0x08003675   Thumb Code    24  list.o(i.vListInsertEnd)
    vPortEnterCritical                       0x0800368d   Thumb Code    76  port.o(i.vPortEnterCritical)
    vPortExitCritical                        0x080036e1   Thumb Code    56  port.o(i.vPortExitCritical)
    vPortFree                                0x0800371d   Thumb Code    56  heap_2.o(i.vPortFree)
    vPortSetupTimerInterrupt                 0x0800375d   Thumb Code    20  port.o(i.vPortSetupTimerInterrupt)
    vPortValidateInterruptPriority           0x08003775   Thumb Code   106  port.o(i.vPortValidateInterruptPriority)
    vQueueAddToRegistry                      0x080037ed   Thumb Code    38  queue.o(i.vQueueAddToRegistry)
    vQueueWaitForMessageRestricted           0x08003819   Thumb Code    74  queue.o(i.vQueueWaitForMessageRestricted)
    vTaskDelete                              0x08003865   Thumb Code   202  tasks.o(i.vTaskDelete)
    vTaskInternalSetTimeOutState             0x08003959   Thumb Code    14  tasks.o(i.vTaskInternalSetTimeOutState)
    vTaskMissedYield                         0x08003971   Thumb Code     8  tasks.o(i.vTaskMissedYield)
    vTaskPlaceOnEventList                    0x0800397d   Thumb Code    52  tasks.o(i.vTaskPlaceOnEventList)
    vTaskPlaceOnEventListRestricted          0x080039b5   Thumb Code    60  tasks.o(i.vTaskPlaceOnEventListRestricted)
    vTaskPriorityDisinheritAfterTimeout      0x080039f5   Thumb Code   216  tasks.o(i.vTaskPriorityDisinheritAfterTimeout)
    vTaskStartScheduler                      0x08003ad9   Thumb Code   118  tasks.o(i.vTaskStartScheduler)
    vTaskSuspendAll                          0x08003b6d   Thumb Code    12  tasks.o(i.vTaskSuspendAll)
    vTaskSwitchContext                       0x08003b7d   Thumb Code   118  tasks.o(i.vTaskSwitchContext)
    xPortStartScheduler                      0x08003c09   Thumb Code   330  port.o(i.xPortStartScheduler)
    xQueueGenericCreate                      0x08003d71   Thumb Code    84  queue.o(i.xQueueGenericCreate)
    xQueueGenericReset                       0x08003dc5   Thumb Code   146  queue.o(i.xQueueGenericReset)
    xQueueGenericSend                        0x08003e5d   Thumb Code   420  queue.o(i.xQueueGenericSend)
    xQueueGenericSendFromISR                 0x08004005   Thumb Code   252  queue.o(i.xQueueGenericSendFromISR)
    xQueueReceive                            0x08004101   Thumb Code   356  queue.o(i.xQueueReceive)
    xQueueSemaphoreTake                      0x08004269   Thumb Code   434  queue.o(i.xQueueSemaphoreTake)
    xTaskCheckForTimeOut                     0x08004421   Thumb Code   132  tasks.o(i.xTaskCheckForTimeOut)
    xTaskCreate                              0x080044ad   Thumb Code    96  tasks.o(i.xTaskCreate)
    xTaskGetSchedulerState                   0x0800450d   Thumb Code    24  tasks.o(i.xTaskGetSchedulerState)
    xTaskGetTickCount                        0x0800452d   Thumb Code     6  tasks.o(i.xTaskGetTickCount)
    xTaskIncrementTick                       0x08004539   Thumb Code   282  tasks.o(i.xTaskIncrementTick)
    xTaskPriorityDisinherit                  0x08004681   Thumb Code   188  tasks.o(i.xTaskPriorityDisinherit)
    xTaskPriorityInherit                     0x08004749   Thumb Code   172  tasks.o(i.xTaskPriorityInherit)
    xTaskRemoveFromEventList                 0x08004801   Thumb Code   128  tasks.o(i.xTaskRemoveFromEventList)
    xTaskResumeAll                           0x08004899   Thumb Code   224  tasks.o(i.xTaskResumeAll)
    xTimerCreateTimerTask                    0x0800499d   Thumb Code    66  timers.o(i.xTimerCreateTimerTask)
    xTimerGenericCommand                     0x080049f5   Thumb Code   126  timers.o(i.xTimerGenericCommand)
    _get_lc_numeric                          0x08004a79   Thumb Code    44  lc_numeric_c.o(locale$$code)
    __aeabi_dadd                             0x08004aa5   Thumb Code     0  daddsub_clz.o(x$fpl$dadd)
    _dadd                                    0x08004aa5   Thumb Code   332  daddsub_clz.o(x$fpl$dadd)
    __fpl_dcmp_Inf                           0x08004bf5   Thumb Code    24  dcmpi.o(x$fpl$dcmpinf)
    __aeabi_ddiv                             0x08004c0d   Thumb Code     0  ddiv.o(x$fpl$ddiv)
    _ddiv                                    0x08004c0d   Thumb Code   552  ddiv.o(x$fpl$ddiv)
    __aeabi_cdcmpeq                          0x08004ebd   Thumb Code     0  deqf.o(x$fpl$deqf)
    _dcmpeq                                  0x08004ebd   Thumb Code   120  deqf.o(x$fpl$deqf)
    __aeabi_d2uiz                            0x08004f35   Thumb Code     0  dfixu.o(x$fpl$dfixu)
    _dfixu                                   0x08004f35   Thumb Code    90  dfixu.o(x$fpl$dfixu)
    __aeabi_i2d                              0x08004f8f   Thumb Code     0  dflt_clz.o(x$fpl$dflt)
    _dflt                                    0x08004f8f   Thumb Code    46  dflt_clz.o(x$fpl$dflt)
    __aeabi_ui2d                             0x08004fbd   Thumb Code     0  dflt_clz.o(x$fpl$dfltu)
    _dfltu                                   0x08004fbd   Thumb Code    38  dflt_clz.o(x$fpl$dfltu)
    __aeabi_cdcmple                          0x08004fe5   Thumb Code     0  dleqf.o(x$fpl$dleqf)
    _dcmple                                  0x08004fe5   Thumb Code   120  dleqf.o(x$fpl$dleqf)
    __fpl_dcmple_InfNaN                      0x08005047   Thumb Code     0  dleqf.o(x$fpl$dleqf)
    __aeabi_dmul                             0x0800505d   Thumb Code     0  dmul.o(x$fpl$dmul)
    _dmul                                    0x0800505d   Thumb Code   332  dmul.o(x$fpl$dmul)
    __fpl_dnaninf                            0x080051b1   Thumb Code   156  dnaninf.o(x$fpl$dnaninf)
    _drem                                    0x0800524d   Thumb Code   328  drem_clz.o(x$fpl$drem)
    __fpl_dretinf                            0x0800539d   Thumb Code    12  dretinf.o(x$fpl$dretinf)
    __aeabi_drsub                            0x080053a9   Thumb Code     0  daddsub_clz.o(x$fpl$drsb)
    _drsb                                    0x080053a9   Thumb Code    22  daddsub_clz.o(x$fpl$drsb)
    __aeabi_dsub                             0x080053c1   Thumb Code     0  daddsub_clz.o(x$fpl$dsub)
    _dsub                                    0x080053c1   Thumb Code   464  daddsub_clz.o(x$fpl$dsub)
    _fp_init                                 0x08005595   Thumb Code    10  fpinit.o(x$fpl$fpinit)
    __fplib_config_fpu_vfp                   0x0800559d   Thumb Code     0  fpinit.o(x$fpl$fpinit)
    __fplib_config_pureend_doubles           0x0800559d   Thumb Code     0  fpinit.o(x$fpl$fpinit)
    _printf_fp_dec                           0x0800559f   Thumb Code     4  printf1.o(x$fpl$printf1)
    __I$use$fp                               0x080055a2   Number         0  usenofp.o(x$fpl$usenofp)
    Region$$Table$$Base                      0x08005638   Number         0  anon$$obj.o(Region$$Table)
    Region$$Table$$Limit                     0x08005658   Number         0  anon$$obj.o(Region$$Table)
    xBinarySemaphore                         0x20000000   Data           4  main.o(.data)
    xTaskHandle1                             0x20000004   Data           4  main.o(.data)
    xTaskHandle2                             0x20000008   Data           4  main.o(.data)
    dt                                       0x20000010   Data           8  main.o(.data)
    speed_mea                                0x20000018   Data           8  main.o(.data)
    angle                                    0x20000020   Data           8  main.o(.data)
    kut_rotora                               0x20000028   Data           2  hall_timer_config.o(.data)
    kut_rotora_p                             0x2000002a   Data           2  hall_timer_config.o(.data)
    w                                        0x20000030   Data           8  hall_timer_config.o(.data)
    w_p                                      0x20000038   Data           8  hall_timer_config.o(.data)
    RX_BUFFER_HEAD                           0x20000040   Data           4  usart.o(.data)
    RX_BUFFER_TAIL                           0x20000044   Data           4  usart.o(.data)
    TxReady                                  0x20000048   Data           1  usart.o(.data)
    pxCurrentTCB                             0x2000004c   Data           4  tasks.o(.data)
    p_kalman                                 0x200000d0   Data          64  main.o(.bss)
    theta                                    0x20000110   Data          48  main.o(.bss)
    buff1                                    0x20000140   Data         500  main.o(.bss)
    rotor                                    0x20000338   Data          48  hall_timer_config.o(.bss)
    Hall                                     0x20000368   Data          16  hall_timer_config.o(.bss)
    RX_BUFFER                                0x20000378   Data          16  usart.o(.bss)
    xQueueRegistry                           0x20000388   Data          64  queue.o(.bss)
    __libspace_start                         0x200130b8   Data          96  libspace.o(.bss)
    __temporary_stack_top$libspace           0x20013118   Data           0  libspace.o(.bss)



==============================================================================

Memory Map of the image

  Image Entry point : 0x08000301

  Load Region LR_1 (Base: 0x08000000, Size: 0x00005744, Max: 0xffffffff, ABSOLUTE)

    Execution Region ER_RO (Exec base: 0x08000000, Load base: 0x08000000, Size: 0x00005674, Max: 0xffffffff, ABSOLUTE)

    Exec Addr    Load Addr    Size         Type   Attr      Idx    E Section Name        Object

    0x08000000   0x08000000   0x00000188   Data   RO         1590    RESET               startup_stm32f40_41xxx.o
    0x08000188   0x08000188   0x00000008   Code   RO         3174  * !!!main             c_w.l(__main.o)
    0x08000190   0x08000190   0x00000034   Code   RO         3455    !!!scatter          c_w.l(__scatter.o)
    0x080001c4   0x080001c4   0x0000001a   Code   RO         3457    !!handler_copy      c_w.l(__scatter_copy.o)
    0x080001de   0x080001de   0x00000002   PAD
    0x080001e0   0x080001e0   0x0000001c   Code   RO         3459    !!handler_zi        c_w.l(__scatter_zi.o)
    0x080001fc   0x080001fc   0x00000000   Code   RO         3161    .ARM.Collect$$_printf_percent$$00000000  c_w.l(_printf_percent.o)
    0x080001fc   0x080001fc   0x00000006   Code   RO         3160    .ARM.Collect$$_printf_percent$$00000003  c_w.l(_printf_f.o)
    0x08000202   0x08000202   0x00000004   Code   RO         3225    .ARM.Collect$$_printf_percent$$00000017  c_w.l(_printf_percent_end.o)
    0x08000206   0x08000206   0x00000002   Code   RO         3328    .ARM.Collect$$libinit$$00000000  c_w.l(libinit.o)
    0x08000208   0x08000208   0x00000004   Code   RO         3329    .ARM.Collect$$libinit$$00000001  c_w.l(libinit2.o)
    0x0800020c   0x0800020c   0x00000000   Code   RO         3332    .ARM.Collect$$libinit$$00000004  c_w.l(libinit2.o)
    0x0800020c   0x0800020c   0x00000000   Code   RO         3335    .ARM.Collect$$libinit$$0000000A  c_w.l(libinit2.o)
    0x0800020c   0x0800020c   0x00000000   Code   RO         3337    .ARM.Collect$$libinit$$0000000C  c_w.l(libinit2.o)
    0x0800020c   0x0800020c   0x00000000   Code   RO         3339    .ARM.Collect$$libinit$$0000000E  c_w.l(libinit2.o)
    0x0800020c   0x0800020c   0x00000006   Code   RO         3340    .ARM.Collect$$libinit$$0000000F  c_w.l(libinit2.o)
    0x08000212   0x08000212   0x00000000   Code   RO         3342    .ARM.Collect$$libinit$$00000011  c_w.l(libinit2.o)
    0x08000212   0x08000212   0x00000000   Code   RO         3344    .ARM.Collect$$libinit$$00000013  c_w.l(libinit2.o)
    0x08000212   0x08000212   0x00000000   Code   RO         3346    .ARM.Collect$$libinit$$00000015  c_w.l(libinit2.o)
    0x08000212   0x08000212   0x0000000a   Code   RO         3347    .ARM.Collect$$libinit$$00000016  c_w.l(libinit2.o)
    0x0800021c   0x0800021c   0x00000000   Code   RO         3348    .ARM.Collect$$libinit$$00000017  c_w.l(libinit2.o)
    0x0800021c   0x0800021c   0x00000000   Code   RO         3350    .ARM.Collect$$libinit$$00000019  c_w.l(libinit2.o)
    0x0800021c   0x0800021c   0x00000000   Code   RO         3352    .ARM.Collect$$libinit$$0000001B  c_w.l(libinit2.o)
    0x0800021c   0x0800021c   0x00000000   Code   RO         3354    .ARM.Collect$$libinit$$0000001D  c_w.l(libinit2.o)
    0x0800021c   0x0800021c   0x00000000   Code   RO         3356    .ARM.Collect$$libinit$$0000001F  c_w.l(libinit2.o)
    0x0800021c   0x0800021c   0x00000000   Code   RO         3358    .ARM.Collect$$libinit$$00000021  c_w.l(libinit2.o)
    0x0800021c   0x0800021c   0x00000000   Code   RO         3360    .ARM.Collect$$libinit$$00000023  c_w.l(libinit2.o)
    0x0800021c   0x0800021c   0x00000000   Code   RO         3362    .ARM.Collect$$libinit$$00000025  c_w.l(libinit2.o)
    0x0800021c   0x0800021c   0x00000000   Code   RO         3366    .ARM.Collect$$libinit$$0000002C  c_w.l(libinit2.o)
    0x0800021c   0x0800021c   0x00000000   Code   RO         3368    .ARM.Collect$$libinit$$0000002E  c_w.l(libinit2.o)
    0x0800021c   0x0800021c   0x00000000   Code   RO         3370    .ARM.Collect$$libinit$$00000030  c_w.l(libinit2.o)
    0x0800021c   0x0800021c   0x00000000   Code   RO         3372    .ARM.Collect$$libinit$$00000032  c_w.l(libinit2.o)
    0x0800021c   0x0800021c   0x00000002   Code   RO         3373    .ARM.Collect$$libinit$$00000033  c_w.l(libinit2.o)
    0x0800021e   0x0800021e   0x00000002   Code   RO         3403    .ARM.Collect$$libshutdown$$00000000  c_w.l(libshutdown.o)
    0x08000220   0x08000220   0x00000000   Code   RO         3414    .ARM.Collect$$libshutdown$$00000002  c_w.l(libshutdown2.o)
    0x08000220   0x08000220   0x00000000   Code   RO         3416    .ARM.Collect$$libshutdown$$00000004  c_w.l(libshutdown2.o)
    0x08000220   0x08000220   0x00000000   Code   RO         3419    .ARM.Collect$$libshutdown$$00000007  c_w.l(libshutdown2.o)
    0x08000220   0x08000220   0x00000000   Code   RO         3422    .ARM.Collect$$libshutdown$$0000000A  c_w.l(libshutdown2.o)
    0x08000220   0x08000220   0x00000000   Code   RO         3424    .ARM.Collect$$libshutdown$$0000000C  c_w.l(libshutdown2.o)
    0x08000220   0x08000220   0x00000000   Code   RO         3427    .ARM.Collect$$libshutdown$$0000000F  c_w.l(libshutdown2.o)
    0x08000220   0x08000220   0x00000002   Code   RO         3428    .ARM.Collect$$libshutdown$$00000010  c_w.l(libshutdown2.o)
    0x08000222   0x08000222   0x00000000   Code   RO         3216    .ARM.Collect$$rtentry$$00000000  c_w.l(__rtentry.o)
    0x08000222   0x08000222   0x00000000   Code   RO         3252    .ARM.Collect$$rtentry$$00000002  c_w.l(__rtentry2.o)
    0x08000222   0x08000222   0x00000006   Code   RO         3264    .ARM.Collect$$rtentry$$00000004  c_w.l(__rtentry4.o)
    0x08000228   0x08000228   0x00000000   Code   RO         3254    .ARM.Collect$$rtentry$$00000009  c_w.l(__rtentry2.o)
    0x08000228   0x08000228   0x00000004   Code   RO         3255    .ARM.Collect$$rtentry$$0000000A  c_w.l(__rtentry2.o)
    0x0800022c   0x0800022c   0x00000000   Code   RO         3257    .ARM.Collect$$rtentry$$0000000C  c_w.l(__rtentry2.o)
    0x0800022c   0x0800022c   0x00000008   Code   RO         3258    .ARM.Collect$$rtentry$$0000000D  c_w.l(__rtentry2.o)
    0x08000234   0x08000234   0x00000002   Code   RO         3374    .ARM.Collect$$rtexit$$00000000  c_w.l(rtexit.o)
    0x08000236   0x08000236   0x00000000   Code   RO         3381    .ARM.Collect$$rtexit$$00000002  c_w.l(rtexit2.o)
    0x08000236   0x08000236   0x00000004   Code   RO         3382    .ARM.Collect$$rtexit$$00000003  c_w.l(rtexit2.o)
    0x0800023a   0x0800023a   0x00000006   Code   RO         3383    .ARM.Collect$$rtexit$$00000004  c_w.l(rtexit2.o)
    0x08000240   0x08000240   0x000000be   Code   RO         1432    .emb_text           port.o
    0x080002fe   0x080002fe   0x00000002   PAD
    0x08000300   0x08000300   0x00000040   Code   RO         1591  * .text               startup_stm32f40_41xxx.o
    0x08000340   0x08000340   0x00000028   Code   RO         3136    .text               c_w.l(noretval__2sprintf.o)
    0x08000368   0x08000368   0x000000b8   Code   RO         3143    .text               c_w.l(__printf_ss.o)
    0x08000420   0x08000420   0x0000008a   Code   RO         3162    .text               c_w.l(rt_memcpy_v6.o)
    0x080004aa   0x080004aa   0x00000064   Code   RO         3164    .text               c_w.l(rt_memcpy_w.o)
    0x0800050e   0x0800050e   0x00000010   Code   RO         3168    .text               c_w.l(aeabi_memset.o)
    0x0800051e   0x0800051e   0x0000004e   Code   RO         3170    .text               c_w.l(rt_memclr_w.o)
    0x0800056c   0x0800056c   0x00000006   Code   RO         3172    .text               c_w.l(heapauxi.o)
    0x08000572   0x08000572   0x00000016   Code   RO         3217    .text               c_w.l(_rserrno.o)
    0x08000588   0x08000588   0x0000041e   Code   RO         3219    .text               c_w.l(_printf_fp_dec.o)
    0x080009a6   0x080009a6   0x00000002   PAD
    0x080009a8   0x080009a8   0x00000030   Code   RO         3221    .text               c_w.l(_printf_char_common.o)
    0x080009d8   0x080009d8   0x0000000a   Code   RO         3223    .text               c_w.l(_sputc.o)
    0x080009e2   0x080009e2   0x00000044   Code   RO         3226    .text               c_w.l(rt_memclr.o)
    0x08000a26   0x08000a26   0x00000002   PAD
    0x08000a28   0x08000a28   0x00000008   Code   RO         3269    .text               c_w.l(rt_locale_intlibspace.o)
    0x08000a30   0x08000a30   0x00000008   Code   RO         3274    .text               c_w.l(rt_errno_addr_intlibspace.o)
    0x08000a38   0x08000a38   0x0000008a   Code   RO         3276    .text               c_w.l(lludiv10.o)
    0x08000ac2   0x08000ac2   0x00000002   PAD
    0x08000ac4   0x08000ac4   0x00000080   Code   RO         3278    .text               c_w.l(_printf_fp_infnan.o)
    0x08000b44   0x08000b44   0x000000e4   Code   RO         3282    .text               c_w.l(bigflt0.o)
    0x08000c28   0x08000c28   0x00000008   Code   RO         3314    .text               c_w.l(libspace.o)
    0x08000c30   0x08000c30   0x0000004a   Code   RO         3317    .text               c_w.l(sys_stackheap_outer.o)
    0x08000c7a   0x08000c7a   0x00000012   Code   RO         3319    .text               c_w.l(exit.o)
    0x08000c8c   0x08000c8c   0x00000080   Code   RO         3321    .text               c_w.l(strcmpv7m.o)
    0x08000d0c   0x08000d0c   0x0000000c   Code   RO         3393    .text               c_w.l(sys_exit.o)
    0x08000d18   0x08000d18   0x00000002   Code   RO         3404    .text               c_w.l(use_no_semi.o)
    0x08000d1a   0x08000d1a   0x00000000   Code   RO         3406    .text               c_w.l(indicate_semi.o)
    0x08000d1a   0x08000d1a   0x0000003e   Code   RO         3285    CL$$btod_d2e        c_w.l(btod.o)
    0x08000d58   0x08000d58   0x00000046   Code   RO         3287    CL$$btod_d2e_denorm_low  c_w.l(btod.o)
    0x08000d9e   0x08000d9e   0x00000060   Code   RO         3286    CL$$btod_d2e_norm_op1  c_w.l(btod.o)
    0x08000dfe   0x08000dfe   0x00000338   Code   RO         3295    CL$$btod_div_common  c_w.l(btod.o)
    0x08001136   0x08001136   0x000000dc   Code   RO         3292    CL$$btod_e2e        c_w.l(btod.o)
    0x08001212   0x08001212   0x0000002a   Code   RO         3289    CL$$btod_ediv       c_w.l(btod.o)
    0x0800123c   0x0800123c   0x0000002a   Code   RO         3288    CL$$btod_emul       c_w.l(btod.o)
    0x08001266   0x08001266   0x00000244   Code   RO         3294    CL$$btod_mult_common  c_w.l(btod.o)
    0x080014aa   0x080014aa   0x00000090   Code   RO         1878    i.GPIO_Init         STM_Peripheral_Lib.lib(stm32f4xx_gpio.o)
    0x0800153a   0x0800153a   0x00000046   Code   RO         1879    i.GPIO_PinAFConfig  STM_Peripheral_Lib.lib(stm32f4xx_gpio.o)
    0x08001580   0x08001580   0x00000012   Code   RO         1882    i.GPIO_ReadInputDataBit  STM_Peripheral_Lib.lib(stm32f4xx_gpio.o)
    0x08001592   0x08001592   0x00000002   PAD
    0x08001594   0x08001594   0x00000014   Code   RO            4    i.GetTheta          main.o
    0x080015a8   0x080015a8   0x00000078   Code   RO         1659    i.NVIC_Init         STM_Peripheral_Lib.lib(misc.o)
    0x08001620   0x08001620   0x00000020   Code   RO         1979    i.RCC_AHB1PeriphClockCmd  STM_Peripheral_Lib.lib(stm32f4xx_rcc.o)
    0x08001640   0x08001640   0x00000020   Code   RO         1988    i.RCC_APB1PeriphClockCmd  STM_Peripheral_Lib.lib(stm32f4xx_rcc.o)
    0x08001660   0x08001660   0x000000e8   Code   RO         2000    i.RCC_GetClocksFreq  STM_Peripheral_Lib.lib(stm32f4xx_rcc.o)
    0x08001748   0x08001748   0x000000ec   Code   RO         1550    i.SetSysClock       system_stm32f4xx.o
    0x08001834   0x08001834   0x00000034   Code   RO         1433    i.SysTick_Handler   port.o
    0x08001868   0x08001868   0x00000068   Code   RO         1552    i.SystemInit        system_stm32f4xx.o
    0x080018d0   0x080018d0   0x0000003a   Code   RO         2377    i.TI1_Config        STM_Peripheral_Lib.lib(stm32f4xx_tim.o)
    0x0800190a   0x0800190a   0x00000050   Code   RO         2378    i.TI2_Config        STM_Peripheral_Lib.lib(stm32f4xx_tim.o)
    0x0800195a   0x0800195a   0x00000048   Code   RO         2379    i.TI3_Config        STM_Peripheral_Lib.lib(stm32f4xx_tim.o)
    0x080019a2   0x080019a2   0x00000050   Code   RO         2380    i.TI4_Config        STM_Peripheral_Lib.lib(stm32f4xx_tim.o)
    0x080019f2   0x080019f2   0x00000002   PAD
    0x080019f4   0x080019f4   0x000002b8   Code   RO          222    i.TIM4_IRQHandler   hall_timer_config.o
    0x08001cac   0x08001cac   0x00000018   Code   RO         2393    i.TIM_Cmd           STM_Peripheral_Lib.lib(stm32f4xx_tim.o)
    0x08001cc4   0x08001cc4   0x0000006e   Code   RO         2416    i.TIM_ICInit        STM_Peripheral_Lib.lib(stm32f4xx_tim.o)
    0x08001d32   0x08001d32   0x00000012   Code   RO         2418    i.TIM_ITConfig      STM_Peripheral_Lib.lib(stm32f4xx_tim.o)
    0x08001d44   0x08001d44   0x00000018   Code   RO         2446    i.TIM_SelectHallSensor  STM_Peripheral_Lib.lib(stm32f4xx_tim.o)
    0x08001d5c   0x08001d5c   0x00000012   Code   RO         2447    i.TIM_SelectInputTrigger  STM_Peripheral_Lib.lib(stm32f4xx_tim.o)
    0x08001d6e   0x08001d6e   0x00000012   Code   RO         2452    i.TIM_SelectSlaveMode  STM_Peripheral_Lib.lib(stm32f4xx_tim.o)
    0x08001d80   0x08001d80   0x00000012   Code   RO         2460    i.TIM_SetIC1Prescaler  STM_Peripheral_Lib.lib(stm32f4xx_tim.o)
    0x08001d92   0x08001d92   0x0000001a   Code   RO         2461    i.TIM_SetIC2Prescaler  STM_Peripheral_Lib.lib(stm32f4xx_tim.o)
    0x08001dac   0x08001dac   0x00000012   Code   RO         2462    i.TIM_SetIC3Prescaler  STM_Peripheral_Lib.lib(stm32f4xx_tim.o)
    0x08001dbe   0x08001dbe   0x0000001a   Code   RO         2463    i.TIM_SetIC4Prescaler  STM_Peripheral_Lib.lib(stm32f4xx_tim.o)
    0x08001dd8   0x08001dd8   0x00000084   Code   RO         2465    i.TIM_TimeBaseInit  STM_Peripheral_Lib.lib(stm32f4xx_tim.o)
    0x08001e5c   0x08001e5c   0x00000098   Code   RO          313    i.USART2_IRQHandler  usart.o
    0x08001ef4   0x08001ef4   0x000000d8   Code   RO          314    i.USART2_Init       usart.o
    0x08001fcc   0x08001fcc   0x00000028   Code   RO          315    i.USART2_SendChar   usart.o
    0x08001ff4   0x08001ff4   0x0000001e   Code   RO         2944    i.USART_ClearITPendingBit  STM_Peripheral_Lib.lib(stm32f4xx_usart.o)
    0x08002012   0x08002012   0x00000018   Code   RO         2947    i.USART_Cmd         STM_Peripheral_Lib.lib(stm32f4xx_usart.o)
    0x0800202a   0x0800202a   0x00000054   Code   RO         2951    i.USART_GetITStatus  STM_Peripheral_Lib.lib(stm32f4xx_usart.o)
    0x0800207e   0x0800207e   0x0000004a   Code   RO         2953    i.USART_ITConfig    STM_Peripheral_Lib.lib(stm32f4xx_usart.o)
    0x080020c8   0x080020c8   0x000000d4   Code   RO         2954    i.USART_Init        STM_Peripheral_Lib.lib(stm32f4xx_usart.o)
    0x0800219c   0x0800219c   0x0000000a   Code   RO         2961    i.USART_ReceiveData  STM_Peripheral_Lib.lib(stm32f4xx_usart.o)
    0x080021a6   0x080021a6   0x00000008   Code   RO         2964    i.USART_SendData    STM_Peripheral_Lib.lib(stm32f4xx_usart.o)
    0x080021ae   0x080021ae   0x00000030   Code   RO         3312    i.__ARM_fpclassify  m_wm.l(fpclassify.o)
    0x080021de   0x080021de   0x00000002   PAD
    0x080021e0   0x080021e0   0x00000104   Code   RO         3204    i.__hardfp_fmod     m_wm.l(fmod.o)
    0x080022e4   0x080022e4   0x00000004   PAD
    0x080022e8   0x080022e8   0x00000020   Code   RO         3240    i.__mathlib_dbl_invalid  m_wm.l(dunder.o)
    0x08002308   0x08002308   0x0000000c   Code   RO          223    i.getSpeed          hall_timer_config.o
    0x08002314   0x08002314   0x0000000c   Code   RO          224    i.getTime           hall_timer_config.o
    0x08002320   0x08002320   0x00000480   Code   RO          278    i.kalman_angle_calc  kalman.o
    0x080027a0   0x080027a0   0x00000064   Code   RO          279    i.kalman_init       kalman.o
    0x08002804   0x08002804   0x000000b0   Code   RO            5    i.main              main.o
    0x080028b4   0x080028b4   0x00000098   Code   RO          911    i.prvAddCurrentTaskToDelayedList  tasks.o
    0x0800294c   0x0800294c   0x000000b8   Code   RO          912    i.prvAddNewTaskToReadyList  tasks.o
    0x08002a04   0x08002a04   0x00000064   Code   RO         1275    i.prvCheckForValidListAndQueue  timers.o
    0x08002a68   0x08002a68   0x00000048   Code   RO          913    i.prvCheckTasksWaitingTermination  tasks.o
    0x08002ab0   0x08002ab0   0x0000002a   Code   RO          534    i.prvCopyDataFromQueue  queue.o
    0x08002ada   0x08002ada   0x0000007e   Code   RO          535    i.prvCopyDataToQueue  queue.o
    0x08002b58   0x08002b58   0x00000012   Code   RO          914    i.prvDeleteTCB      tasks.o
    0x08002b6a   0x08002b6a   0x00000014   Code   RO          536    i.prvGetDisinheritPriorityAfterTimeout  queue.o
    0x08002b7e   0x08002b7e   0x00000002   PAD
    0x08002b80   0x08002b80   0x00000028   Code   RO         1276    i.prvGetNextExpireTime  timers.o
    0x08002ba8   0x08002ba8   0x00000038   Code   RO         1509    i.prvHeapInit       heap_2.o
    0x08002be0   0x08002be0   0x00000028   Code   RO          915    i.prvIdleTask       tasks.o
    0x08002c08   0x08002c08   0x0000002a   Code   RO          538    i.prvInitialiseNewQueue  queue.o
    0x08002c32   0x08002c32   0x000000be   Code   RO          916    i.prvInitialiseNewTask  tasks.o
    0x08002cf0   0x08002cf0   0x00000068   Code   RO          917    i.prvInitialiseTaskLists  tasks.o
    0x08002d58   0x08002d58   0x00000058   Code   RO         1278    i.prvInsertTimerInActiveList  timers.o
    0x08002db0   0x08002db0   0x0000001a   Code   RO          539    i.prvIsQueueEmpty   queue.o
    0x08002dca   0x08002dca   0x0000001e   Code   RO          540    i.prvIsQueueFull    queue.o
    0x08002de8   0x08002de8   0x00000074   Code   RO         1279    i.prvProcessExpiredTimer  timers.o
    0x08002e5c   0x08002e5c   0x00000138   Code   RO         1280    i.prvProcessReceivedCommands  timers.o
    0x08002f94   0x08002f94   0x00000074   Code   RO         1281    i.prvProcessTimerOrBlockTask  timers.o
    0x08003008   0x08003008   0x00000034   Code   RO          919    i.prvResetNextTaskUnblockTime  tasks.o
    0x0800303c   0x0800303c   0x0000002c   Code   RO         1282    i.prvSampleTimeNow  timers.o
    0x08003068   0x08003068   0x000000a4   Code   RO         1283    i.prvSwitchTimerLists  timers.o
    0x0800310c   0x0800310c   0x00000040   Code   RO         1434    i.prvTaskExitError  port.o
    0x0800314c   0x0800314c   0x0000001a   Code   RO         1284    i.prvTimerTask      timers.o
    0x08003166   0x08003166   0x0000007e   Code   RO          541    i.prvUnlockQueue    queue.o
    0x080031e4   0x080031e4   0x000000b8   Code   RO         1510    i.pvPortMalloc      heap_2.o
    0x0800329c   0x0800329c   0x00000020   Code   RO          922    i.pvTaskIncrementMutexHeldCount  tasks.o
    0x080032bc   0x080032bc   0x0000002c   Code   RO         1435    i.pxPortInitialiseStack  port.o
    0x080032e8   0x080032e8   0x00000024   Code   RO          316    i.send_message      usart.o
    0x0800330c   0x0800330c   0x000000f0   Code   RO          225    i.timer4_init       hall_timer_config.o
    0x080033fc   0x080033fc   0x00000028   Code   RO          494    i.uxListRemove      list.o
    0x08003424   0x08003424   0x00000064   Code   RO            6    i.vInit_system      main.o
    0x08003488   0x08003488   0x000000a4   Code   RO            7    i.vKalibracija      main.o
    0x0800352c   0x0800352c   0x000000f4   Code   RO            8    i.vKalmanTask       main.o
    0x08003620   0x08003620   0x0000001a   Code   RO          495    i.vListInitialise   list.o
    0x0800363a   0x0800363a   0x00000006   Code   RO          496    i.vListInitialiseItem  list.o
    0x08003640   0x08003640   0x00000034   Code   RO          497    i.vListInsert       list.o
    0x08003674   0x08003674   0x00000018   Code   RO          498    i.vListInsertEnd    list.o
    0x0800368c   0x0800368c   0x00000054   Code   RO         1437    i.vPortEnterCritical  port.o
    0x080036e0   0x080036e0   0x0000003c   Code   RO         1438    i.vPortExitCritical  port.o
    0x0800371c   0x0800371c   0x00000040   Code   RO         1511    i.vPortFree         heap_2.o
    0x0800375c   0x0800375c   0x00000018   Code   RO         1439    i.vPortSetupTimerInterrupt  port.o
    0x08003774   0x08003774   0x00000078   Code   RO         1440    i.vPortValidateInterruptPriority  port.o
    0x080037ec   0x080037ec   0x0000002c   Code   RO          547    i.vQueueAddToRegistry  queue.o
    0x08003818   0x08003818   0x0000004a   Code   RO          551    i.vQueueWaitForMessageRestricted  queue.o
    0x08003862   0x08003862   0x00000002   PAD
    0x08003864   0x08003864   0x000000f4   Code   RO          933    i.vTaskDelete       tasks.o
    0x08003958   0x08003958   0x00000018   Code   RO          936    i.vTaskInternalSetTimeOutState  tasks.o
    0x08003970   0x08003970   0x0000000c   Code   RO          937    i.vTaskMissedYield  tasks.o
    0x0800397c   0x0800397c   0x00000038   Code   RO          939    i.vTaskPlaceOnEventList  tasks.o
    0x080039b4   0x080039b4   0x00000040   Code   RO          940    i.vTaskPlaceOnEventListRestricted  tasks.o
    0x080039f4   0x080039f4   0x000000e4   Code   RO          942    i.vTaskPriorityDisinheritAfterTimeout  tasks.o
    0x08003ad8   0x08003ad8   0x00000094   Code   RO          948    i.vTaskStartScheduler  tasks.o
    0x08003b6c   0x08003b6c   0x00000010   Code   RO          950    i.vTaskSuspendAll   tasks.o
    0x08003b7c   0x08003b7c   0x0000008c   Code   RO          951    i.vTaskSwitchContext  tasks.o
    0x08003c08   0x08003c08   0x00000168   Code   RO         1441    i.xPortStartScheduler  port.o
    0x08003d70   0x08003d70   0x00000054   Code   RO          554    i.xQueueGenericCreate  queue.o
    0x08003dc4   0x08003dc4   0x00000098   Code   RO          555    i.xQueueGenericReset  queue.o
    0x08003e5c   0x08003e5c   0x000001a8   Code   RO          556    i.xQueueGenericSend  queue.o
    0x08004004   0x08004004   0x000000fc   Code   RO          557    i.xQueueGenericSendFromISR  queue.o
    0x08004100   0x08004100   0x00000168   Code   RO          564    i.xQueueReceive     queue.o
    0x08004268   0x08004268   0x000001b8   Code   RO          566    i.xQueueSemaphoreTake  queue.o
    0x08004420   0x08004420   0x0000008c   Code   RO          953    i.xTaskCheckForTimeOut  tasks.o
    0x080044ac   0x080044ac   0x00000060   Code   RO          954    i.xTaskCreate       tasks.o
    0x0800450c   0x0800450c   0x00000020   Code   RO          958    i.xTaskGetSchedulerState  tasks.o
    0x0800452c   0x0800452c   0x0000000c   Code   RO          959    i.xTaskGetTickCount  tasks.o
    0x08004538   0x08004538   0x00000148   Code   RO          961    i.xTaskIncrementTick  tasks.o
    0x08004680   0x08004680   0x000000c8   Code   RO          964    i.xTaskPriorityDisinherit  tasks.o
    0x08004748   0x08004748   0x000000b8   Code   RO          965    i.xTaskPriorityInherit  tasks.o
    0x08004800   0x08004800   0x00000098   Code   RO          966    i.xTaskRemoveFromEventList  tasks.o
    0x08004898   0x08004898   0x00000104   Code   RO          967    i.xTaskResumeAll    tasks.o
    0x0800499c   0x0800499c   0x00000058   Code   RO         1292    i.xTimerCreateTimerTask  timers.o
    0x080049f4   0x080049f4   0x00000084   Code   RO         1293    i.xTimerGenericCommand  timers.o
    0x08004a78   0x08004a78   0x0000002c   Code   RO         3308    locale$$code        c_w.l(lc_numeric_c.o)
    0x08004aa4   0x08004aa4   0x00000150   Code   RO         3176    x$fpl$dadd          fz_wm.l(daddsub_clz.o)
    0x08004bf4   0x08004bf4   0x00000018   Code   RO         3228    x$fpl$dcmpinf       fz_wm.l(dcmpi.o)
    0x08004c0c   0x08004c0c   0x000002b0   Code   RO         3183    x$fpl$ddiv          fz_wm.l(ddiv.o)
    0x08004ebc   0x08004ebc   0x00000078   Code   RO         3186    x$fpl$deqf          fz_wm.l(deqf.o)
    0x08004f34   0x08004f34   0x0000005a   Code   RO         3188    x$fpl$dfixu         fz_wm.l(dfixu.o)
    0x08004f8e   0x08004f8e   0x0000002e   Code   RO         3193    x$fpl$dflt          fz_wm.l(dflt_clz.o)
    0x08004fbc   0x08004fbc   0x00000026   Code   RO         3192    x$fpl$dfltu         fz_wm.l(dflt_clz.o)
    0x08004fe2   0x08004fe2   0x00000002   PAD
    0x08004fe4   0x08004fe4   0x00000078   Code   RO         3198    x$fpl$dleqf         fz_wm.l(dleqf.o)
    0x0800505c   0x0800505c   0x00000154   Code   RO         3200    x$fpl$dmul          fz_wm.l(dmul.o)
    0x080051b0   0x080051b0   0x0000009c   Code   RO         3230    x$fpl$dnaninf       fz_wm.l(dnaninf.o)
    0x0800524c   0x0800524c   0x00000150   Code   RO         3232    x$fpl$drem          fz_wm.l(drem_clz.o)
    0x0800539c   0x0800539c   0x0000000c   Code   RO         3234    x$fpl$dretinf       fz_wm.l(dretinf.o)
    0x080053a8   0x080053a8   0x00000016   Code   RO         3177    x$fpl$drsb          fz_wm.l(daddsub_clz.o)
    0x080053be   0x080053be   0x00000002   PAD
    0x080053c0   0x080053c0   0x000001d4   Code   RO         3178    x$fpl$dsub          fz_wm.l(daddsub_clz.o)
    0x08005594   0x08005594   0x0000000a   Code   RO         3378    x$fpl$fpinit        fz_wm.l(fpinit.o)
    0x0800559e   0x0800559e   0x00000004   Code   RO         3202    x$fpl$printf1       fz_wm.l(printf1.o)
    0x080055a2   0x080055a2   0x00000000   Code   RO         3236    x$fpl$usenofp       fz_wm.l(usenofp.o)
    0x080055a2   0x080055a2   0x00000002   PAD
    0x080055a4   0x080055a4   0x00000094   Data   RO         3283    .constdata          c_w.l(bigflt0.o)
    0x08005638   0x08005638   0x00000020   Data   RO         3453    Region$$Table       anon$$obj.o
    0x08005658   0x08005658   0x0000001c   Data   RO         3307    locale$$data        c_w.l(lc_numeric_c.o)


    Execution Region ER_RW (Exec base: 0x20000000, Load base: 0x08005674, Size: 0x000000d0, Max: 0xffffffff, ABSOLUTE)

    Exec Addr    Load Addr    Size         Type   Attr      Idx    E Section Name        Object

    0x20000000   0x08005674   0x00000028   Data   RW           10    .data               main.o
    0x20000028   0x0800569c   0x00000018   Data   RW          227    .data               hall_timer_config.o
    0x20000040   0x080056b4   0x0000000b   Data   RW          318    .data               usart.o
    0x2000004b   0x080056bf   0x00000001   PAD
    0x2000004c   0x080056c0   0x0000003c   Data   RW          970    .data               tasks.o
    0x20000088   0x080056fc   0x00000014   Data   RW         1299    .data               timers.o
    0x2000009c   0x08005710   0x0000000c   Data   RW         1442    .data               port.o
    0x200000a8   0x0800571c   0x00000018   Data   RW         1515    .data               heap_2.o
    0x200000c0   0x08005734   0x00000010   Data   RW         2032    .data               STM_Peripheral_Lib.lib(stm32f4xx_rcc.o)


    Execution Region ER_ZI (Exec base: 0x200000d0, Load base: 0x08005744, Size: 0x00013648, Max: 0xffffffff, ABSOLUTE)

    Exec Addr    Load Addr    Size         Type   Attr      Idx    E Section Name        Object

    0x200000d0        -       0x00000264   Zero   RW            9    .bss                main.o
    0x20000334   0x08005744   0x00000004   PAD
    0x20000338        -       0x00000040   Zero   RW          226    .bss                hall_timer_config.o
    0x20000378        -       0x00000010   Zero   RW          317    .bss                usart.o
    0x20000388        -       0x00000040   Zero   RW          568    .bss                queue.o
    0x200003c8        -       0x000000c8   Zero   RW          969    .bss                tasks.o
    0x20000490        -       0x00000028   Zero   RW         1298    .bss                timers.o
    0x200004b8        -       0x00012c00   Zero   RW         1514    .bss                heap_2.o
    0x200130b8        -       0x00000060   Zero   RW         3315    .bss                c_w.l(libspace.o)
    0x20013118        -       0x00000200   Zero   RW         1589    HEAP                startup_stm32f40_41xxx.o
    0x20013318        -       0x00000400   Zero   RW         1588    STACK               startup_stm32f40_41xxx.o


==============================================================================

Image component sizes


      Code (inc. data)   RO Data    RW Data    ZI Data      Debug   Object Name

         0          0          0          0          0       9552   event_groups.o
       960         66          0         24         64       3208   hall_timer_config.o
       304         46          0         24      76800       3675   heap_2.o
      1252         50          0          0          0       1758   kalman.o
       148          0          0          0          0       3254   list.o
       704        284          0         40        612     295935   main.o
       998         92          0         12          0      11405   port.o
      2242         26          0          0         64      17756   queue.o
        64         26        392          0       1536        924   startup_stm32f40_41xxx.o
       340         32          0          0          0       1889   system_stm32f4xx.o
      3180        410          0         60        200      26060   tasks.o
      1226        116          0         20         40      20027   timers.o
       444         64          0         11         16       2973   usart.o

    ----------------------------------------------------------------------
     11868       1212        424        192      79336     398416   Object Totals
         0          0         32          0          0          0   (incl. Generated)
         6          0          0          1          4          0   (incl. Padding)

    ----------------------------------------------------------------------

      Code (inc. data)   RO Data    RW Data    ZI Data      Debug   Library Member Name

       120         14          0          0          0     290576   misc.o
       232          0          0          0          0       2691   stm32f4xx_gpio.o
       296         30          0         16          0       4390   stm32f4xx_rcc.o
       722         28          0          0          0      11147   stm32f4xx_tim.o
       442          8          0          0          0       6025   stm32f4xx_usart.o
         8          0          0          0          0         68   __main.o
       184          0          0          0          0         84   __printf_ss.o
         0          0          0          0          0          0   __rtentry.o
        12          0          0          0          0          0   __rtentry2.o
         6          0          0          0          0          0   __rtentry4.o
        52          8          0          0          0          0   __scatter.o
        26          0          0          0          0          0   __scatter_copy.o
        28          0          0          0          0          0   __scatter_zi.o
        48          6          0          0          0         96   _printf_char_common.o
         6          0          0          0          0          0   _printf_f.o
      1054          0          0          0          0        216   _printf_fp_dec.o
       128         16          0          0          0         84   _printf_fp_infnan.o
         0          0          0          0          0          0   _printf_percent.o
         4          0          0          0          0          0   _printf_percent_end.o
        22          0          0          0          0        100   _rserrno.o
        10          0          0          0          0         68   _sputc.o
        16          0          0          0          0         68   aeabi_memset.o
       228          4        148          0          0         96   bigflt0.o
      1936        128          0          0          0        672   btod.o
        18          0          0          0          0         80   exit.o
         6          0          0          0          0        152   heapauxi.o
         0          0          0          0          0          0   indicate_semi.o
        44         10         28          0          0         76   lc_numeric_c.o
         2          0          0          0          0          0   libinit.o
        22          0          0          0          0          0   libinit2.o
         2          0          0          0          0          0   libshutdown.o
         2          0          0          0          0          0   libshutdown2.o
         8          4          0          0         96         68   libspace.o
       138          0          0          0          0         80   lludiv10.o
        40          6          0          0          0         84   noretval__2sprintf.o
         8          4          0          0          0         68   rt_errno_addr_intlibspace.o
         8          4          0          0          0         68   rt_locale_intlibspace.o
        68          0          0          0          0         68   rt_memclr.o
        78          0          0          0          0         80   rt_memclr_w.o
       138          0          0          0          0         68   rt_memcpy_v6.o
       100          0          0          0          0         80   rt_memcpy_w.o
         2          0          0          0          0          0   rtexit.o
        10          0          0          0          0          0   rtexit2.o
       128          0          0          0          0         68   strcmpv7m.o
        12          4          0          0          0         68   sys_exit.o
        74          0          0          0          0         80   sys_stackheap_outer.o
         2          0          0          0          0         68   use_no_semi.o
       826         16          0          0          0        492   daddsub_clz.o
        24          0          0          0          0        116   dcmpi.o
       688        140          0          0          0        256   ddiv.o
       120          4          0          0          0        140   deqf.o
        90          4          0          0          0        140   dfixu.o
        84          0          0          0          0        232   dflt_clz.o
       120          4          0          0          0        140   dleqf.o
       340         12          0          0          0        152   dmul.o
       156          4          0          0          0        140   dnaninf.o
       336         12          0          0          0        136   drem_clz.o
        12          0          0          0          0        116   dretinf.o
        10          0          0          0          0        116   fpinit.o
         4          0          0          0          0        116   printf1.o
         0          0          0          0          0          0   usenofp.o
        32          8          0          0          0        124   dunder.o
       260          6          0          0          0        144   fmod.o
        48          0          0          0          0        124   fpclassify.o

    ----------------------------------------------------------------------
      9664        488        176         16         96     320321   Library Totals
        24          4          0          0          0          0   (incl. Padding)

    ----------------------------------------------------------------------

      Code (inc. data)   RO Data    RW Data    ZI Data      Debug   Library Name

      1812         80          0         16          0     314829   STM_Peripheral_Lib.lib
      4678        194        176          0         96       2808   c_w.l
      2810        196          0          0          0       2292   fz_wm.l
       340         14          0          0          0        392   m_wm.l

    ----------------------------------------------------------------------
      9664        488        176         16         96     320321   Library Totals

    ----------------------------------------------------------------------

==============================================================================


      Code (inc. data)   RO Data    RW Data    ZI Data      Debug   

     21532       1700        600        208      79432     704377   Grand Totals
     21532       1700        600        208      79432     704377   ELF Image Totals
     21532       1700        600        208          0          0   ROM Totals

==============================================================================

    Total RO  Size (Code + RO Data)                22132 (  21.61kB)
    Total RW  Size (RW Data + ZI Data)             79640 (  77.77kB)
    Total ROM Size (Code + RO Data + RW Data)      22340 (  21.82kB)

==============================================================================

